#
# There is insufficient memory for the Java Runtime Environment to continue.
# Native memory allocation (malloc) failed to allocate 1038352 bytes. Error detail: Chunk::new
# Possible reasons:
#   The system is out of physical RAM or swap space
#   This process is running with CompressedOops enabled, and the Java Heap may be blocking the growth of the native heap
# Possible solutions:
#   Reduce memory load on the system
#   Increase physical memory or swap space
#   Check if swap backing store is full
#   Decrease Java heap size (-Xmx/-Xms)
#   Decrease number of Java threads
#   Decrease Java thread stack sizes (-Xss)
#   Set larger code cache with -XX:ReservedCodeCacheSize=
#   JVM is running with Zero Based Compressed Oops mode in which the Java heap is
#     placed in the first 32GB address space. The Java Heap base address is the
#     maximum limit for the native heap growth. Please use -XX:HeapBaseMinAddress
#     to set the Java Heap base and to place the Java Heap above 32GB virtual address.
# This output file may be truncated or incomplete.
#
#  Out of Memory Error (arena.cpp:162), pid=27356, tid=828
#
# JRE version: OpenJDK Runtime Environment Temurin-24.0.2+12 (24.0.2+12) (build 24.0.2+12)
# Java VM: OpenJDK 64-Bit Server VM Temurin-24.0.2+12 (24.0.2+12, mixed mode, sharing, tiered, compressed oops, compressed class ptrs, g1 gc, windows-amd64)
# No core dump will be written. Minidumps are not enabled by default on client versions of Windows
#

---------------  S U M M A R Y ------------

Command Line: --add-modules=javafx.controls,javafx.fxml --enable-native-access=javafx.graphics,javafx.controls,javafx.fxml --module-path=C:\Users\Utilisateur\.gradle\caches\modules-2\files-2.1\org.openjfx\javafx-fxml\23.0.1\7cb94fc08a8fa9f355c9e52c1f0c45c62015a62f\javafx-fxml-23.0.1-win.jar;C:\Users\Utilisateur\.gradle\caches\modules-2\files-2.1\org.openjfx\javafx-controls\23.0.1\bdb03f39a659b3c710fffefc8e3385d8696e1147\javafx-controls-23.0.1-win.jar;C:\Users\Utilisateur\.gradle\caches\modules-2\files-2.1\org.openjfx\javafx-graphics\23.0.1\b4421dba8a9d00b99138c65c01f1dc9a6c7ae50f\javafx-graphics-23.0.1-win.jar;C:\Users\Utilisateur\.gradle\caches\modules-2\files-2.1\org.openjfx\javafx-base\23.0.1\f3c056075623f7cd2e77b17f14e3575e37884373\javafx-base-23.0.1-win.jar -Dfile.encoding=UTF-8 -Duser.country=US -Duser.language=en -Duser.variant cinema.app.MainApplication

Host: AMD Ryzen 7 PRO 2700U w/ Radeon Vega Mobile Gfx, 8 cores, 14G,  Windows 10 , 64 bit Build 19041 (10.0.19041.5915)
Time: Sat Apr 11 09:31:41 2026 Romance Daylight Time elapsed time: 1.803310 seconds (0d 0h 0m 1s)

---------------  T H R E A D  ---------------

Current thread (0x000001cd1d9445c0):  JavaThread "C2 CompilerThread1" daemon [_thread_in_native, id=828, stack(0x000000993b100000,0x000000993b200000) (1024K)]


Current CompileTask:
C2:1803 1305   !   4       java.util.concurrent.ConcurrentHashMap::transfer (849 bytes)

Stack: [0x000000993b100000,0x000000993b200000]
Native frames: (J=compiled Java code, j=interpreted, Vv=VM code, C=native code)
V  [jvm.dll+0x7341e9]  (no source info available)
V  [jvm.dll+0x96c0d3]  (no source info available)
V  [jvm.dll+0x96e5bd]  (no source info available)
V  [jvm.dll+0x96ec33]  (no source info available)
V  [jvm.dll+0x2ac166]  (no source info available)
V  [jvm.dll+0xced2f]  (no source info available)
V  [jvm.dll+0xcef8f]  (no source info available)
V  [jvm.dll+0x154bd3]  (no source info available)
V  [jvm.dll+0x739a13]  (no source info available)
V  [jvm.dll+0x270b1c]  (no source info available)
V  [jvm.dll+0x26fb3f]  (no source info available)
V  [jvm.dll+0x1ea940]  (no source info available)
V  [jvm.dll+0x27f577]  (no source info available)
V  [jvm.dll+0x27d82a]  (no source info available)
V  [jvm.dll+0x431556]  (no source info available)
V  [jvm.dll+0x90fabb]  (no source info available)
V  [jvm.dll+0x732965]  (no source info available)
C  [ucrtbase.dll+0x21bb2]  (no source info available)
C  [KERNEL32.DLL+0x17374]  (no source info available)
C  [ntdll.dll+0x4cc91]  (no source info available)

Lock stack of current Java thread (top to bottom):


---------------  P R O C E S S  ---------------

Threads class SMR info:
_java_thread_list=0x000001cd63aaeee0, length=17, elements={
0x000001cd7c0a3c50, 0x000001cd1d79eee0, 0x000001cd1d79f620, 0x000001cd1d7a1ff0,
0x000001cd1d7a2730, 0x000001cd1d7a2e70, 0x000001cd1d7a8a80, 0x000001cd1d7a9900,
0x000001cd1d7b06c0, 0x000001cd1d889c10, 0x000001cd1d9445c0, 0x000001cd1dabe180,
0x000001cd6355a740, 0x000001cd637a84c0, 0x000001cd637cd770, 0x000001cd637cdec0,
0x000001cd637cfc00
}

Java Threads: ( => current thread )
  0x000001cd7c0a3c50 JavaThread "main"                              [_thread_blocked, id=3236, stack(0x000000993a000000,0x000000993a100000) (1024K)]
  0x000001cd1d79eee0 JavaThread "Reference Handler"          daemon [_thread_blocked, id=25260, stack(0x000000993a800000,0x000000993a900000) (1024K)]
  0x000001cd1d79f620 JavaThread "Finalizer"                  daemon [_thread_blocked, id=11012, stack(0x000000993a900000,0x000000993aa00000) (1024K)]
  0x000001cd1d7a1ff0 JavaThread "Signal Dispatcher"          daemon [_thread_blocked, id=30056, stack(0x000000993aa00000,0x000000993ab00000) (1024K)]
  0x000001cd1d7a2730 JavaThread "Attach Listener"            daemon [_thread_blocked, id=11888, stack(0x000000993ab00000,0x000000993ac00000) (1024K)]
  0x000001cd1d7a2e70 JavaThread "Service Thread"             daemon [_thread_blocked, id=13396, stack(0x000000993ac00000,0x000000993ad00000) (1024K)]
  0x000001cd1d7a8a80 JavaThread "Monitor Deflation Thread"   daemon [_thread_blocked, id=9512, stack(0x000000993ad00000,0x000000993ae00000) (1024K)]
  0x000001cd1d7a9900 JavaThread "C2 CompilerThread0"         daemon [_thread_in_native, id=6700, stack(0x000000993ae00000,0x000000993af00000) (1024K)]
  0x000001cd1d7b06c0 JavaThread "C1 CompilerThread0"         daemon [_thread_blocked, id=28340, stack(0x000000993af00000,0x000000993b000000) (1024K)]
  0x000001cd1d889c10 JavaThread "Common-Cleaner"             daemon [_thread_blocked, id=20604, stack(0x000000993b000000,0x000000993b100000) (1024K)]
=>0x000001cd1d9445c0 JavaThread "C2 CompilerThread1"         daemon [_thread_in_native, id=828, stack(0x000000993b100000,0x000000993b200000) (1024K)]
  0x000001cd1dabe180 JavaThread "Notification Thread"        daemon [_thread_blocked, id=11960, stack(0x000000993b200000,0x000000993b300000) (1024K)]
  0x000001cd6355a740 JavaThread "QuantumRenderer-0"          daemon [_thread_blocked, id=22340, stack(0x000000993b300000,0x000000993b400000) (1024K)]
  0x000001cd637a84c0 JavaThread "InvokeLaterDispatcher"      daemon [_thread_blocked, id=8436, stack(0x000000993b600000,0x000000993b700000) (1024K)]
  0x000001cd637cd770 JavaThread "JavaFX Application Thread"         [_thread_in_native, id=27724, stack(0x000000993b700000,0x000000993b800000) (1024K)]
  0x000001cd637cdec0 JavaThread "JavaFX-Launcher"                   [_thread_blocked, id=27992, stack(0x000000993bf00000,0x000000993c000000) (1024K)]
  0x000001cd637cfc00 JavaThread "Thread-2"                   daemon [_thread_in_native, id=25664, stack(0x000000993be00000,0x000000993bf00000) (1024K)]
Total: 17

Other Threads:
  0x000001cd1d78aa60 VMThread "VM Thread"                           [id=11068, stack(0x000000993a700000,0x000000993a800000) (1024K)]
  0x000001cd1d781630 WatcherThread "VM Periodic Task Thread"        [id=1548, stack(0x000000993a600000,0x000000993a700000) (1024K)]
  0x000001cd7e38c1c0 WorkerThread "GC Thread#0"                     [id=12176, stack(0x000000993a100000,0x000000993a200000) (1024K)]
  0x000001cd7e39fe50 ConcurrentGCThread "G1 Main Marker"            [id=25644, stack(0x000000993a200000,0x000000993a300000) (1024K)]
  0x000001cd7e3a1100 WorkerThread "G1 Conc#0"                       [id=26660, stack(0x000000993a300000,0x000000993a400000) (1024K)]
  0x000001cd1d64c930 ConcurrentGCThread "G1 Refine#0"               [id=23128, stack(0x000000993a400000,0x000000993a500000) (1024K)]
  0x000001cd1d64d2c0 ConcurrentGCThread "G1 Service"                [id=5420, stack(0x000000993a500000,0x000000993a600000) (1024K)]
Total: 7

Threads with active compile tasks:
C2 CompilerThread0  1912 1323       4       java.util.Locale::equals (75 bytes)
C2 CompilerThread1  1912 1305   !   4       java.util.concurrent.ConcurrentHashMap::transfer (849 bytes)
Total: 2

VM state: not at safepoint (normal execution)

VM Mutex/Monitor currently owned by a thread: None

Heap address: 0x0000000711000000, size: 3824 MB, Compressed Oops mode: Zero based, Oop shift amount: 3

CDS archive(s) mapped at: [0x000001cd1e000000-0x000001cd1ed40000-0x000001cd1ed40000), size 13893632, SharedBaseAddress: 0x000001cd1e000000, ArchiveRelocationMode: 1.
Compressed class space mapped at: 0x000001cd1f000000-0x000001cd5f000000, reserved size: 1073741824
UseCompressedClassPointers 1, UseCompactObjectHeaders 0
Narrow klass pointer bits 32, Max shift 3
Narrow klass base: 0x000001cd1e000000, Narrow klass shift: 0
Encoding Range: [0x000001cd1e000000 - 0x000001ce1e000000), (4294967296 bytes)
Klass Range:    [0x000001cd1e000000 - 0x000001cd5f000000), (1090519040 bytes)
Klass ID Range:  [8 - 1090519033) (1090519025)

GC Precious Log:
 CardTable entry size: 512
 Card Set container configuration: InlinePtr #cards 4 size 8 Array Of Cards #cards 16 size 48 Howl #buckets 8 coarsen threshold 3686 Howl Bitmap #cards 512 size 80 coarsen threshold 460 Card regions per heap region 1 cards per card region 4096
 CPUs: 8 total, 8 available
 Memory: 15293M
 Large Page Support: Disabled
 NUMA Support: Disabled
 Compressed Oops: Enabled (Zero based)
 Heap Region Size: 2M
 Heap Min Capacity: 8M
 Heap Initial Capacity: 240M
 Heap Max Capacity: 3824M
 Pre-touch: Disabled
 Parallel Workers: 8
 Concurrent Workers: 2
 Concurrent Refinement Workers: 8
 Periodic GC: Disabled

Heap:
 garbage-first heap   total reserved 3915776K, committed 247808K, used 38000K [0x0000000711000000, 0x0000000800000000)
  region size 2048K, 20 young (40960K), 0 survivors (0K)
 Metaspace       used 5048K, committed 5248K, reserved 1114112K
  class space    used 414K, committed 512K, reserved 1048576K

Heap Regions: E=young(eden), S=young(survivor), O=old, HS=humongous(starts), HC=humongous(continues), CS=collection set, F=free, TAMS=top-at-mark-start, PB=parsable bottom
|   0|0x0000000711000000, 0x0000000711000000, 0x0000000711200000|  0%| F|  |TAMS 0x0000000711000000| PB 0x0000000711000000| Untracked |  0
|   1|0x0000000711200000, 0x0000000711200000, 0x0000000711400000|  0%| F|  |TAMS 0x0000000711200000| PB 0x0000000711200000| Untracked |  0
|   2|0x0000000711400000, 0x0000000711400000, 0x0000000711600000|  0%| F|  |TAMS 0x0000000711400000| PB 0x0000000711400000| Untracked |  0
|   3|0x0000000711600000, 0x0000000711600000, 0x0000000711800000|  0%| F|  |TAMS 0x0000000711600000| PB 0x0000000711600000| Untracked |  0
|   4|0x0000000711800000, 0x0000000711800000, 0x0000000711a00000|  0%| F|  |TAMS 0x0000000711800000| PB 0x0000000711800000| Untracked |  0
|   5|0x0000000711a00000, 0x0000000711a00000, 0x0000000711c00000|  0%| F|  |TAMS 0x0000000711a00000| PB 0x0000000711a00000| Untracked |  0
|   6|0x0000000711c00000, 0x0000000711c00000, 0x0000000711e00000|  0%| F|  |TAMS 0x0000000711c00000| PB 0x0000000711c00000| Untracked |  0
|   7|0x0000000711e00000, 0x0000000711e00000, 0x0000000712000000|  0%| F|  |TAMS 0x0000000711e00000| PB 0x0000000711e00000| Untracked |  0
|   8|0x0000000712000000, 0x0000000712000000, 0x0000000712200000|  0%| F|  |TAMS 0x0000000712000000| PB 0x0000000712000000| Untracked |  0
|   9|0x0000000712200000, 0x0000000712200000, 0x0000000712400000|  0%| F|  |TAMS 0x0000000712200000| PB 0x0000000712200000| Untracked |  0
|  10|0x0000000712400000, 0x0000000712400000, 0x0000000712600000|  0%| F|  |TAMS 0x0000000712400000| PB 0x0000000712400000| Untracked |  0
|  11|0x0000000712600000, 0x0000000712600000, 0x0000000712800000|  0%| F|  |TAMS 0x0000000712600000| PB 0x0000000712600000| Untracked |  0
|  12|0x0000000712800000, 0x0000000712800000, 0x0000000712a00000|  0%| F|  |TAMS 0x0000000712800000| PB 0x0000000712800000| Untracked |  0
|  13|0x0000000712a00000, 0x0000000712a00000, 0x0000000712c00000|  0%| F|  |TAMS 0x0000000712a00000| PB 0x0000000712a00000| Untracked |  0
|  14|0x0000000712c00000, 0x0000000712c00000, 0x0000000712e00000|  0%| F|  |TAMS 0x0000000712c00000| PB 0x0000000712c00000| Untracked |  0
|  15|0x0000000712e00000, 0x0000000712e00000, 0x0000000713000000|  0%| F|  |TAMS 0x0000000712e00000| PB 0x0000000712e00000| Untracked |  0
|  16|0x0000000713000000, 0x0000000713000000, 0x0000000713200000|  0%| F|  |TAMS 0x0000000713000000| PB 0x0000000713000000| Untracked |  0
|  17|0x0000000713200000, 0x0000000713200000, 0x0000000713400000|  0%| F|  |TAMS 0x0000000713200000| PB 0x0000000713200000| Untracked |  0
|  18|0x0000000713400000, 0x0000000713400000, 0x0000000713600000|  0%| F|  |TAMS 0x0000000713400000| PB 0x0000000713400000| Untracked |  0
|  19|0x0000000713600000, 0x0000000713600000, 0x0000000713800000|  0%| F|  |TAMS 0x0000000713600000| PB 0x0000000713600000| Untracked |  0
|  20|0x0000000713800000, 0x0000000713800000, 0x0000000713a00000|  0%| F|  |TAMS 0x0000000713800000| PB 0x0000000713800000| Untracked |  0
|  21|0x0000000713a00000, 0x0000000713a00000, 0x0000000713c00000|  0%| F|  |TAMS 0x0000000713a00000| PB 0x0000000713a00000| Untracked |  0
|  22|0x0000000713c00000, 0x0000000713c00000, 0x0000000713e00000|  0%| F|  |TAMS 0x0000000713c00000| PB 0x0000000713c00000| Untracked |  0
|  23|0x0000000713e00000, 0x0000000713e00000, 0x0000000714000000|  0%| F|  |TAMS 0x0000000713e00000| PB 0x0000000713e00000| Untracked |  0
|  24|0x0000000714000000, 0x0000000714000000, 0x0000000714200000|  0%| F|  |TAMS 0x0000000714000000| PB 0x0000000714000000| Untracked |  0
|  25|0x0000000714200000, 0x0000000714200000, 0x0000000714400000|  0%| F|  |TAMS 0x0000000714200000| PB 0x0000000714200000| Untracked |  0
|  26|0x0000000714400000, 0x0000000714400000, 0x0000000714600000|  0%| F|  |TAMS 0x0000000714400000| PB 0x0000000714400000| Untracked |  0
|  27|0x0000000714600000, 0x0000000714600000, 0x0000000714800000|  0%| F|  |TAMS 0x0000000714600000| PB 0x0000000714600000| Untracked |  0
|  28|0x0000000714800000, 0x0000000714800000, 0x0000000714a00000|  0%| F|  |TAMS 0x0000000714800000| PB 0x0000000714800000| Untracked |  0
|  29|0x0000000714a00000, 0x0000000714a00000, 0x0000000714c00000|  0%| F|  |TAMS 0x0000000714a00000| PB 0x0000000714a00000| Untracked |  0
|  30|0x0000000714c00000, 0x0000000714c00000, 0x0000000714e00000|  0%| F|  |TAMS 0x0000000714c00000| PB 0x0000000714c00000| Untracked |  0
|  31|0x0000000714e00000, 0x0000000714e00000, 0x0000000715000000|  0%| F|  |TAMS 0x0000000714e00000| PB 0x0000000714e00000| Untracked |  0
|  32|0x0000000715000000, 0x0000000715000000, 0x0000000715200000|  0%| F|  |TAMS 0x0000000715000000| PB 0x0000000715000000| Untracked |  0
|  33|0x0000000715200000, 0x0000000715200000, 0x0000000715400000|  0%| F|  |TAMS 0x0000000715200000| PB 0x0000000715200000| Untracked |  0
|  34|0x0000000715400000, 0x0000000715400000, 0x0000000715600000|  0%| F|  |TAMS 0x0000000715400000| PB 0x0000000715400000| Untracked |  0
|  35|0x0000000715600000, 0x0000000715600000, 0x0000000715800000|  0%| F|  |TAMS 0x0000000715600000| PB 0x0000000715600000| Untracked |  0
|  36|0x0000000715800000, 0x0000000715800000, 0x0000000715a00000|  0%| F|  |TAMS 0x0000000715800000| PB 0x0000000715800000| Untracked |  0
|  37|0x0000000715a00000, 0x0000000715a00000, 0x0000000715c00000|  0%| F|  |TAMS 0x0000000715a00000| PB 0x0000000715a00000| Untracked |  0
|  38|0x0000000715c00000, 0x0000000715c00000, 0x0000000715e00000|  0%| F|  |TAMS 0x0000000715c00000| PB 0x0000000715c00000| Untracked |  0
|  39|0x0000000715e00000, 0x0000000715e00000, 0x0000000716000000|  0%| F|  |TAMS 0x0000000715e00000| PB 0x0000000715e00000| Untracked |  0
|  40|0x0000000716000000, 0x0000000716000000, 0x0000000716200000|  0%| F|  |TAMS 0x0000000716000000| PB 0x0000000716000000| Untracked |  0
|  41|0x0000000716200000, 0x0000000716200000, 0x0000000716400000|  0%| F|  |TAMS 0x0000000716200000| PB 0x0000000716200000| Untracked |  0
|  42|0x0000000716400000, 0x0000000716400000, 0x0000000716600000|  0%| F|  |TAMS 0x0000000716400000| PB 0x0000000716400000| Untracked |  0
|  43|0x0000000716600000, 0x0000000716600000, 0x0000000716800000|  0%| F|  |TAMS 0x0000000716600000| PB 0x0000000716600000| Untracked |  0
|  44|0x0000000716800000, 0x0000000716800000, 0x0000000716a00000|  0%| F|  |TAMS 0x0000000716800000| PB 0x0000000716800000| Untracked |  0
|  45|0x0000000716a00000, 0x0000000716a00000, 0x0000000716c00000|  0%| F|  |TAMS 0x0000000716a00000| PB 0x0000000716a00000| Untracked |  0
|  46|0x0000000716c00000, 0x0000000716c00000, 0x0000000716e00000|  0%| F|  |TAMS 0x0000000716c00000| PB 0x0000000716c00000| Untracked |  0
|  47|0x0000000716e00000, 0x0000000716e00000, 0x0000000717000000|  0%| F|  |TAMS 0x0000000716e00000| PB 0x0000000716e00000| Untracked |  0
|  48|0x0000000717000000, 0x0000000717000000, 0x0000000717200000|  0%| F|  |TAMS 0x0000000717000000| PB 0x0000000717000000| Untracked |  0
|  49|0x0000000717200000, 0x0000000717200000, 0x0000000717400000|  0%| F|  |TAMS 0x0000000717200000| PB 0x0000000717200000| Untracked |  0
|  50|0x0000000717400000, 0x0000000717400000, 0x0000000717600000|  0%| F|  |TAMS 0x0000000717400000| PB 0x0000000717400000| Untracked |  0
|  51|0x0000000717600000, 0x0000000717600000, 0x0000000717800000|  0%| F|  |TAMS 0x0000000717600000| PB 0x0000000717600000| Untracked |  0
|  52|0x0000000717800000, 0x0000000717800000, 0x0000000717a00000|  0%| F|  |TAMS 0x0000000717800000| PB 0x0000000717800000| Untracked |  0
|  53|0x0000000717a00000, 0x0000000717a00000, 0x0000000717c00000|  0%| F|  |TAMS 0x0000000717a00000| PB 0x0000000717a00000| Untracked |  0
|  54|0x0000000717c00000, 0x0000000717c00000, 0x0000000717e00000|  0%| F|  |TAMS 0x0000000717c00000| PB 0x0000000717c00000| Untracked |  0
|  55|0x0000000717e00000, 0x0000000717e00000, 0x0000000718000000|  0%| F|  |TAMS 0x0000000717e00000| PB 0x0000000717e00000| Untracked |  0
|  56|0x0000000718000000, 0x0000000718000000, 0x0000000718200000|  0%| F|  |TAMS 0x0000000718000000| PB 0x0000000718000000| Untracked |  0
|  57|0x0000000718200000, 0x0000000718200000, 0x0000000718400000|  0%| F|  |TAMS 0x0000000718200000| PB 0x0000000718200000| Untracked |  0
|  58|0x0000000718400000, 0x0000000718400000, 0x0000000718600000|  0%| F|  |TAMS 0x0000000718400000| PB 0x0000000718400000| Untracked |  0
|  59|0x0000000718600000, 0x0000000718600000, 0x0000000718800000|  0%| F|  |TAMS 0x0000000718600000| PB 0x0000000718600000| Untracked |  0
|  60|0x0000000718800000, 0x0000000718800000, 0x0000000718a00000|  0%| F|  |TAMS 0x0000000718800000| PB 0x0000000718800000| Untracked |  0
|  61|0x0000000718a00000, 0x0000000718a00000, 0x0000000718c00000|  0%| F|  |TAMS 0x0000000718a00000| PB 0x0000000718a00000| Untracked |  0
|  62|0x0000000718c00000, 0x0000000718c00000, 0x0000000718e00000|  0%| F|  |TAMS 0x0000000718c00000| PB 0x0000000718c00000| Untracked |  0
|  63|0x0000000718e00000, 0x0000000718e00000, 0x0000000719000000|  0%| F|  |TAMS 0x0000000718e00000| PB 0x0000000718e00000| Untracked |  0
|  64|0x0000000719000000, 0x0000000719000000, 0x0000000719200000|  0%| F|  |TAMS 0x0000000719000000| PB 0x0000000719000000| Untracked |  0
|  65|0x0000000719200000, 0x0000000719200000, 0x0000000719400000|  0%| F|  |TAMS 0x0000000719200000| PB 0x0000000719200000| Untracked |  0
|  66|0x0000000719400000, 0x0000000719400000, 0x0000000719600000|  0%| F|  |TAMS 0x0000000719400000| PB 0x0000000719400000| Untracked |  0
|  67|0x0000000719600000, 0x0000000719600000, 0x0000000719800000|  0%| F|  |TAMS 0x0000000719600000| PB 0x0000000719600000| Untracked |  0
|  68|0x0000000719800000, 0x0000000719800000, 0x0000000719a00000|  0%| F|  |TAMS 0x0000000719800000| PB 0x0000000719800000| Untracked |  0
|  69|0x0000000719a00000, 0x0000000719a00000, 0x0000000719c00000|  0%| F|  |TAMS 0x0000000719a00000| PB 0x0000000719a00000| Untracked |  0
|  70|0x0000000719c00000, 0x0000000719c00000, 0x0000000719e00000|  0%| F|  |TAMS 0x0000000719c00000| PB 0x0000000719c00000| Untracked |  0
|  71|0x0000000719e00000, 0x0000000719e00000, 0x000000071a000000|  0%| F|  |TAMS 0x0000000719e00000| PB 0x0000000719e00000| Untracked |  0
|  72|0x000000071a000000, 0x000000071a000000, 0x000000071a200000|  0%| F|  |TAMS 0x000000071a000000| PB 0x000000071a000000| Untracked |  0
|  73|0x000000071a200000, 0x000000071a200000, 0x000000071a400000|  0%| F|  |TAMS 0x000000071a200000| PB 0x000000071a200000| Untracked |  0
|  74|0x000000071a400000, 0x000000071a400000, 0x000000071a600000|  0%| F|  |TAMS 0x000000071a400000| PB 0x000000071a400000| Untracked |  0
|  75|0x000000071a600000, 0x000000071a600000, 0x000000071a800000|  0%| F|  |TAMS 0x000000071a600000| PB 0x000000071a600000| Untracked |  0
|  76|0x000000071a800000, 0x000000071a800000, 0x000000071aa00000|  0%| F|  |TAMS 0x000000071a800000| PB 0x000000071a800000| Untracked |  0
|  77|0x000000071aa00000, 0x000000071aa00000, 0x000000071ac00000|  0%| F|  |TAMS 0x000000071aa00000| PB 0x000000071aa00000| Untracked |  0
|  78|0x000000071ac00000, 0x000000071ac00000, 0x000000071ae00000|  0%| F|  |TAMS 0x000000071ac00000| PB 0x000000071ac00000| Untracked |  0
|  79|0x000000071ae00000, 0x000000071ae00000, 0x000000071b000000|  0%| F|  |TAMS 0x000000071ae00000| PB 0x000000071ae00000| Untracked |  0
|  80|0x000000071b000000, 0x000000071b000000, 0x000000071b200000|  0%| F|  |TAMS 0x000000071b000000| PB 0x000000071b000000| Untracked |  0
|  81|0x000000071b200000, 0x000000071b200000, 0x000000071b400000|  0%| F|  |TAMS 0x000000071b200000| PB 0x000000071b200000| Untracked |  0
|  82|0x000000071b400000, 0x000000071b400000, 0x000000071b600000|  0%| F|  |TAMS 0x000000071b400000| PB 0x000000071b400000| Untracked |  0
|  83|0x000000071b600000, 0x000000071b600000, 0x000000071b800000|  0%| F|  |TAMS 0x000000071b600000| PB 0x000000071b600000| Untracked |  0
|  84|0x000000071b800000, 0x000000071b800000, 0x000000071ba00000|  0%| F|  |TAMS 0x000000071b800000| PB 0x000000071b800000| Untracked |  0
|  85|0x000000071ba00000, 0x000000071ba00000, 0x000000071bc00000|  0%| F|  |TAMS 0x000000071ba00000| PB 0x000000071ba00000| Untracked |  0
|  86|0x000000071bc00000, 0x000000071bc00000, 0x000000071be00000|  0%| F|  |TAMS 0x000000071bc00000| PB 0x000000071bc00000| Untracked |  0
|  87|0x000000071be00000, 0x000000071be00000, 0x000000071c000000|  0%| F|  |TAMS 0x000000071be00000| PB 0x000000071be00000| Untracked |  0
|  88|0x000000071c000000, 0x000000071c000000, 0x000000071c200000|  0%| F|  |TAMS 0x000000071c000000| PB 0x000000071c000000| Untracked |  0
|  89|0x000000071c200000, 0x000000071c200000, 0x000000071c400000|  0%| F|  |TAMS 0x000000071c200000| PB 0x000000071c200000| Untracked |  0
|  90|0x000000071c400000, 0x000000071c400000, 0x000000071c600000|  0%| F|  |TAMS 0x000000071c400000| PB 0x000000071c400000| Untracked |  0
|  91|0x000000071c600000, 0x000000071c600000, 0x000000071c800000|  0%| F|  |TAMS 0x000000071c600000| PB 0x000000071c600000| Untracked |  0
|  92|0x000000071c800000, 0x000000071c800000, 0x000000071ca00000|  0%| F|  |TAMS 0x000000071c800000| PB 0x000000071c800000| Untracked |  0
|  93|0x000000071ca00000, 0x000000071ca00000, 0x000000071cc00000|  0%| F|  |TAMS 0x000000071ca00000| PB 0x000000071ca00000| Untracked |  0
|  94|0x000000071cc00000, 0x000000071cc00000, 0x000000071ce00000|  0%| F|  |TAMS 0x000000071cc00000| PB 0x000000071cc00000| Untracked |  0
|  95|0x000000071ce00000, 0x000000071ce00000, 0x000000071d000000|  0%| F|  |TAMS 0x000000071ce00000| PB 0x000000071ce00000| Untracked |  0
|  96|0x000000071d000000, 0x000000071d000000, 0x000000071d200000|  0%| F|  |TAMS 0x000000071d000000| PB 0x000000071d000000| Untracked |  0
|  97|0x000000071d200000, 0x000000071d200000, 0x000000071d400000|  0%| F|  |TAMS 0x000000071d200000| PB 0x000000071d200000| Untracked |  0
|  98|0x000000071d400000, 0x000000071d400000, 0x000000071d600000|  0%| F|  |TAMS 0x000000071d400000| PB 0x000000071d400000| Untracked |  0
|  99|0x000000071d600000, 0x000000071d600000, 0x000000071d800000|  0%| F|  |TAMS 0x000000071d600000| PB 0x000000071d600000| Untracked |  0
| 100|0x000000071d800000, 0x000000071d9eb920, 0x000000071da00000| 96%| E|  |TAMS 0x000000071d800000| PB 0x000000071d800000| Complete |  0
| 101|0x000000071da00000, 0x000000071dc00000, 0x000000071dc00000|100%| E|CS|TAMS 0x000000071da00000| PB 0x000000071da00000| Complete |  0
| 102|0x000000071dc00000, 0x000000071de00000, 0x000000071de00000|100%| E|CS|TAMS 0x000000071dc00000| PB 0x000000071dc00000| Complete |  0
| 103|0x000000071de00000, 0x000000071e000000, 0x000000071e000000|100%| E|CS|TAMS 0x000000071de00000| PB 0x000000071de00000| Complete |  0
| 104|0x000000071e000000, 0x000000071e200000, 0x000000071e200000|100%| E|CS|TAMS 0x000000071e000000| PB 0x000000071e000000| Complete |  0
| 105|0x000000071e200000, 0x000000071e400000, 0x000000071e400000|100%| E|CS|TAMS 0x000000071e200000| PB 0x000000071e200000| Complete |  0
| 106|0x000000071e400000, 0x000000071e600000, 0x000000071e600000|100%| E|CS|TAMS 0x000000071e400000| PB 0x000000071e400000| Complete |  0
| 107|0x000000071e600000, 0x000000071e800000, 0x000000071e800000|100%| E|  |TAMS 0x000000071e600000| PB 0x000000071e600000| Complete |  0
| 108|0x000000071e800000, 0x000000071ea00000, 0x000000071ea00000|100%| E|CS|TAMS 0x000000071e800000| PB 0x000000071e800000| Complete |  0
| 109|0x000000071ea00000, 0x000000071ec00000, 0x000000071ec00000|100%| E|CS|TAMS 0x000000071ea00000| PB 0x000000071ea00000| Complete |  0
| 110|0x000000071ec00000, 0x000000071ee00000, 0x000000071ee00000|100%| E|CS|TAMS 0x000000071ec00000| PB 0x000000071ec00000| Complete |  0
| 111|0x000000071ee00000, 0x000000071f000000, 0x000000071f000000|100%| E|CS|TAMS 0x000000071ee00000| PB 0x000000071ee00000| Complete |  0
| 112|0x000000071f000000, 0x000000071f200000, 0x000000071f200000|100%| E|CS|TAMS 0x000000071f000000| PB 0x000000071f000000| Complete |  0
| 113|0x000000071f200000, 0x000000071f400000, 0x000000071f400000|100%| E|CS|TAMS 0x000000071f200000| PB 0x000000071f200000| Complete |  0
| 114|0x000000071f400000, 0x000000071f600000, 0x000000071f600000|100%| E|CS|TAMS 0x000000071f400000| PB 0x000000071f400000| Complete |  0
| 115|0x000000071f600000, 0x000000071f800000, 0x000000071f800000|100%| E|CS|TAMS 0x000000071f600000| PB 0x000000071f600000| Complete |  0
| 116|0x000000071f800000, 0x000000071fa00000, 0x000000071fa00000|100%| E|CS|TAMS 0x000000071f800000| PB 0x000000071f800000| Complete |  0
| 117|0x000000071fa00000, 0x000000071fc00000, 0x000000071fc00000|100%| E|CS|TAMS 0x000000071fa00000| PB 0x000000071fa00000| Complete |  0
| 118|0x000000071fc00000, 0x000000071fe00000, 0x000000071fe00000|100%| E|CS|TAMS 0x000000071fc00000| PB 0x000000071fc00000| Complete |  0
| 119|0x000000071fe00000, 0x0000000720000000, 0x0000000720000000|100%| E|CS|TAMS 0x000000071fe00000| PB 0x000000071fe00000| Complete |  0
|1911|0x00000007ffe00000, 0x00000007fff1c320, 0x0000000800000000| 55%| O|  |TAMS 0x00000007ffe00000| PB 0x00000007ffe00000| Untracked |  0

Card table byte_map: [0x000001cd7eeb0000,0x000001cd7f630000] _byte_map_base: 0x000001cd7b628000

Marking Bits: (CMBitMap*) 0x000001cd7e38c8d0
 Bits: [0x000001cd17a40000, 0x000001cd1b600000)

Polling page: 0x000001cd7c1a0000

Metaspace:

Usage:
  Non-class:      4.53 MB used.
      Class:    414.68 KB used.
       Both:      4.93 MB used.

Virtual space:
  Non-class space:       64.00 MB reserved,       4.62 MB (  7%) committed,  1 nodes.
      Class space:        1.00 GB reserved,     512.00 KB ( <1%) committed,  1 nodes.
             Both:        1.06 GB reserved,       5.12 MB ( <1%) committed. 

Chunk freelists:
   Non-Class:  9.56 MB
       Class:  15.47 MB
        Both:  25.03 MB

MaxMetaspaceSize: unlimited
CompressedClassSpaceSize: 1.00 GB
Initial GC threshold: 21.00 MB
Current GC threshold: 21.00 MB
CDS: on
 - commit_granule_bytes: 65536.
 - commit_granule_words: 8192.
 - virtual_space_node_default_size: 8388608.
 - enlarge_chunks_in_place: 1.
UseCompressedClassPointers 1, UseCompactObjectHeaders 0
Narrow klass pointer bits 32, Max shift 3
Narrow klass base: 0x000001cd1e000000, Narrow klass shift: 0
Encoding Range: [0x000001cd1e000000 - 0x000001ce1e000000), (4294967296 bytes)
Klass Range:    [0x000001cd1e000000 - 0x000001cd5f000000), (1090519040 bytes)
Klass ID Range:  [8 - 1090519033) (1090519025)


Internal statistics:

num_allocs_failed_limit: 0.
num_arena_births: 60.
num_arena_deaths: 0.
num_vsnodes_births: 2.
num_vsnodes_deaths: 0.
num_space_committed: 82.
num_space_uncommitted: 0.
num_chunks_returned_to_freelist: 0.
num_chunks_taken_from_freelist: 190.
num_chunk_merges: 0.
num_chunk_splits: 131.
num_chunks_enlarged: 96.
num_inconsistent_stats: 0.

CodeHeap 'non-profiled nmethods': size=120064Kb used=454Kb max_used=454Kb free=119609Kb
 bounds [0x000001cd10500000, 0x000001cd10770000, 0x000001cd17a40000]
CodeHeap 'profiled nmethods': size=120000Kb used=2095Kb max_used=2095Kb free=117905Kb
 bounds [0x000001cd08a40000, 0x000001cd08cb0000, 0x000001cd0ff70000]
CodeHeap 'non-nmethods': size=5696Kb used=1359Kb max_used=1413Kb free=4336Kb
 bounds [0x000001cd0ff70000, 0x000001cd101e0000, 0x000001cd10500000]
CodeCache: size=245760Kb, used=3908Kb, max_used=3962Kb, free=241850Kb
 total_blobs=1837, nmethods=1320, adapters=421, full_count=0
Compilation: enabled, stopped_count=0, restarted_count=0

Compilation events (20 events):
Event: 1.763 Thread 0x000001cd1d9445c0 nmethod 1302 0x000001cd1056e088 code [0x000001cd1056e1a0, 0x000001cd1056e2b0]
Event: 1.764 Thread 0x000001cd1d9445c0 1303       4       java.util.stream.DistinctOps$1$2::accept (24 bytes)
Event: 1.765 Thread 0x000001cd1d7a9900 1304       4       jdk.internal.misc.Unsafe::allocateUninitializedArray0 (90 bytes)
Event: 1.766 Thread 0x000001cd1d7a9900 nmethod 1304 0x000001cd1056e388 code [0x000001cd1056e4a0, 0x000001cd1056e648]
Event: 1.771 Thread 0x000001cd1d9445c0 nmethod 1303 0x000001cd1056e688 code [0x000001cd1056e820, 0x000001cd1056efe0]
Event: 1.782 Thread 0x000001cd1d9445c0 1305   !   4       java.util.concurrent.ConcurrentHashMap::transfer (849 bytes)
Event: 1.782 Thread 0x000001cd1d7b06c0 1306       3       com.sun.javafx.application.WindowsHighContrastScheme::lambda$static$0 (7 bytes)
Event: 1.782 Thread 0x000001cd1d7b06c0 nmethod 1306 0x000001cd08c40e88 code [0x000001cd08c40fa0, 0x000001cd08c410e8]
Event: 1.782 Thread 0x000001cd1d7b06c0 1307       3       java.util.ResourceBundle::getBundle (16 bytes)
Event: 1.783 Thread 0x000001cd1d7b06c0 nmethod 1307 0x000001cd08c41188 code [0x000001cd08c41300, 0x000001cd08c418f0]
Event: 1.783 Thread 0x000001cd1d7b06c0 1308       3       java.util.ResourceBundle::getDefaultControl (11 bytes)
Event: 1.783 Thread 0x000001cd1d7b06c0 nmethod 1308 0x000001cd08c41988 code [0x000001cd08c41ae0, 0x000001cd08c41ff0]
Event: 1.783 Thread 0x000001cd1d7b06c0 1309       3       java.util.ResourceBundle::getDefaultControl (18 bytes)
Event: 1.783 Thread 0x000001cd1d7b06c0 nmethod 1309 0x000001cd08c42088 code [0x000001cd08c421c0, 0x000001cd08c42450]
Event: 1.783 Thread 0x000001cd1d7b06c0 1310       3       java.util.ResourceBundle::getBundleImpl (19 bytes)
Event: 1.784 Thread 0x000001cd1d7b06c0 nmethod 1310 0x000001cd08c42488 code [0x000001cd08c425e0, 0x000001cd08c42a50]
Event: 1.784 Thread 0x000001cd1d7b06c0 1311       3       java.util.ResourceBundle::getBundleImpl (63 bytes)
Event: 1.785 Thread 0x000001cd1d7b06c0 nmethod 1311 0x000001cd08c42a88 code [0x000001cd08c42c00, 0x000001cd08c433b0]
Event: 1.787 Thread 0x000001cd1d7b06c0 1312   !   3       java.util.ResourceBundle::getResourceBundleProviderType (109 bytes)
Event: 1.788 Thread 0x000001cd1d7b06c0 nmethod 1312 0x000001cd08c43408 code [0x000001cd08c43700, 0x000001cd08c451d8]

GC Heap History (0 events):
No events

Dll operation events (20 events):
Event: 0.743 Loaded shared library C:\Users\Utilisateur\.openjfx\cache\23.0.1+4\amd64\api-ms-win-crt-heap-l1-1-0.dll
Event: 0.748 Loaded shared library C:\Users\Utilisateur\.openjfx\cache\23.0.1+4\amd64\api-ms-win-crt-locale-l1-1-0.dll
Event: 0.753 Loaded shared library C:\Users\Utilisateur\.openjfx\cache\23.0.1+4\amd64\api-ms-win-crt-math-l1-1-0.dll
Event: 0.758 Loaded shared library C:\Users\Utilisateur\.openjfx\cache\23.0.1+4\amd64\api-ms-win-crt-multibyte-l1-1-0.dll
Event: 0.763 Loaded shared library C:\Users\Utilisateur\.openjfx\cache\23.0.1+4\amd64\api-ms-win-crt-private-l1-1-0.dll
Event: 0.768 Loaded shared library C:\Users\Utilisateur\.openjfx\cache\23.0.1+4\amd64\api-ms-win-crt-process-l1-1-0.dll
Event: 0.773 Loaded shared library C:\Users\Utilisateur\.openjfx\cache\23.0.1+4\amd64\api-ms-win-crt-runtime-l1-1-0.dll
Event: 0.777 Loaded shared library C:\Users\Utilisateur\.openjfx\cache\23.0.1+4\amd64\api-ms-win-crt-stdio-l1-1-0.dll
Event: 0.782 Loaded shared library C:\Users\Utilisateur\.openjfx\cache\23.0.1+4\amd64\api-ms-win-crt-string-l1-1-0.dll
Event: 0.786 Loaded shared library C:\Users\Utilisateur\.openjfx\cache\23.0.1+4\amd64\api-ms-win-crt-time-l1-1-0.dll
Event: 0.791 Loaded shared library C:\Users\Utilisateur\.openjfx\cache\23.0.1+4\amd64\api-ms-win-crt-utility-l1-1-0.dll
Event: 0.810 Loaded shared library C:\Users\Utilisateur\.openjfx\cache\23.0.1+4\amd64\ucrtbase.dll
Event: 0.816 Loaded shared library C:\Users\Utilisateur\.openjfx\cache\23.0.1+4\amd64\vcruntime140.dll
Event: 0.821 Loaded shared library C:\Users\Utilisateur\.openjfx\cache\23.0.1+4\amd64\vcruntime140_1.dll
Event: 0.832 Loaded shared library C:\Users\Utilisateur\.openjfx\cache\23.0.1+4\amd64\msvcp140.dll
Event: 0.837 Loaded shared library C:\Users\Utilisateur\.openjfx\cache\23.0.1+4\amd64\msvcp140_1.dll
Event: 0.844 Loaded shared library C:\Users\Utilisateur\.openjfx\cache\23.0.1+4\amd64\msvcp140_2.dll
Event: 0.908 Loaded shared library C:\Users\Utilisateur\.openjfx\cache\23.0.1+4\amd64\prism_d3d.dll
Event: 0.973 Loaded shared library C:\Users\Utilisateur\.openjfx\cache\23.0.1+4\amd64\glass.dll
Event: 1.297 Loaded shared library C:\Users\Utilisateur\.jdks\temurin-24.0.2\bin\jimage.dll

Deoptimization events (20 events):
Event: 1.571 Thread 0x000001cd637cd770 Uncommon trap: trap_request=0xffffffde fr.pc=0x000001cd1056171c relative=0x00000000000000fc
Event: 1.571 Thread 0x000001cd637cd770 Uncommon trap: reason=class_check action=maybe_recompile pc=0x000001cd1056171c method=jdk.internal.misc.Unsafe.allocateUninitializedArray(Ljava/lang/Class;I)Ljava/lang/Object; @ 51 c2
Event: 1.571 Thread 0x000001cd637cd770 DEOPT PACKING pc=0x000001cd1056171c sp=0x000000993b7fb140
Event: 1.571 Thread 0x000001cd637cd770 DEOPT UNPACKING pc=0x000001cd10084c02 sp=0x000000993b7fb0b8 mode 2
Event: 1.571 Thread 0x000001cd637cd770 Uncommon trap: trap_request=0xffffffde fr.pc=0x000001cd1056171c relative=0x00000000000000fc
Event: 1.571 Thread 0x000001cd637cd770 Uncommon trap: reason=class_check action=maybe_recompile pc=0x000001cd1056171c method=jdk.internal.misc.Unsafe.allocateUninitializedArray(Ljava/lang/Class;I)Ljava/lang/Object; @ 51 c2
Event: 1.571 Thread 0x000001cd637cd770 DEOPT PACKING pc=0x000001cd1056171c sp=0x000000993b7faee0
Event: 1.571 Thread 0x000001cd637cd770 DEOPT UNPACKING pc=0x000001cd10084c02 sp=0x000000993b7fae58 mode 2
Event: 1.572 Thread 0x000001cd637cd770 Uncommon trap: trap_request=0xffffffde fr.pc=0x000001cd1056171c relative=0x00000000000000fc
Event: 1.572 Thread 0x000001cd637cd770 Uncommon trap: reason=class_check action=maybe_recompile pc=0x000001cd1056171c method=jdk.internal.misc.Unsafe.allocateUninitializedArray(Ljava/lang/Class;I)Ljava/lang/Object; @ 51 c2
Event: 1.572 Thread 0x000001cd637cd770 DEOPT PACKING pc=0x000001cd1056171c sp=0x000000993b7faee0
Event: 1.572 Thread 0x000001cd637cd770 DEOPT UNPACKING pc=0x000001cd10084c02 sp=0x000000993b7fae58 mode 2
Event: 1.585 Thread 0x000001cd637cd770 DEOPT PACKING pc=0x000001cd08bd4379 sp=0x000000993b7fb0d0
Event: 1.585 Thread 0x000001cd637cd770 DEOPT UNPACKING pc=0x000001cd0ffc5722 sp=0x000000993b7fa520 mode 0
Event: 1.595 Thread 0x000001cd637cd770 DEOPT PACKING pc=0x000001cd08bd4379 sp=0x000000993b7faf30
Event: 1.595 Thread 0x000001cd637cd770 DEOPT UNPACKING pc=0x000001cd0ffc5722 sp=0x000000993b7fa3a8 mode 0
Event: 1.642 Thread 0x000001cd637cd770 DEOPT PACKING pc=0x000001cd08b00919 sp=0x000000993b7fb090
Event: 1.642 Thread 0x000001cd637cd770 DEOPT UNPACKING pc=0x000001cd0ffc5722 sp=0x000000993b7fa508 mode 0
Event: 1.731 Thread 0x000001cd637cd770 DEOPT PACKING pc=0x000001cd08affb24 sp=0x000000993b7fb130
Event: 1.731 Thread 0x000001cd637cd770 DEOPT UNPACKING pc=0x000001cd0ffc5722 sp=0x000000993b7fa618 mode 0

Classes loaded (20 events):
Event: 1.474 Loading class sun/util/locale/provider/TimeZoneNameProviderImpl done
Event: 1.474 Loading class sun/util/cldr/CLDRTimeZoneNameProviderImpl done
Event: 1.502 Loading class java/util/ResourceBundle$CacheKey
Event: 1.502 Loading class java/util/ResourceBundle$CacheKey done
Event: 1.502 Loading class java/util/ResourceBundle$KeyElementReference
Event: 1.502 Loading class java/util/ResourceBundle$CacheKeyReference
Event: 1.502 Loading class java/util/ResourceBundle$CacheKeyReference done
Event: 1.502 Loading class java/util/ResourceBundle$KeyElementReference done
Event: 1.504 Loading class java/util/PropertyResourceBundle
Event: 1.504 Loading class java/util/PropertyResourceBundle done
Event: 1.504 Loading class sun/util/PropertyResourceBundleCharset
Event: 1.504 Loading class sun/util/PropertyResourceBundleCharset done
Event: 1.504 Loading class sun/util/PropertyResourceBundleCharset$PropertiesFileDecoder
Event: 1.505 Loading class sun/util/PropertyResourceBundleCharset$PropertiesFileDecoder done
Event: 1.505 Loading class sun/nio/cs/UTF_8$Decoder
Event: 1.505 Loading class sun/nio/cs/UTF_8$Decoder done
Event: 1.505 Loading class sun/nio/cs/StreamDecoder
Event: 1.506 Loading class sun/nio/cs/StreamDecoder done
Event: 1.507 Loading class java/util/ResourceBundle$BundleReference
Event: 1.507 Loading class java/util/ResourceBundle$BundleReference done

Classes unloaded (0 events):
No events

Classes redefined (0 events):
No events

Internal exceptions (20 events):
Event: 1.796 Thread 0x000001cd637cd770 Exception <a 'java/lang/ClassNotFoundException'{0x000000071da23758}: com/sun/glass/ui/win/themes_rn> (0x000000071da23758) 
thrown [s\src\hotspot\share\prims\jni.cpp, line 536]
Event: 1.797 Thread 0x000001cd637cd770 Exception <a 'java/lang/ClassNotFoundException'{0x000000071da249b8}: com/sun/glass/ui/win/themes_rn_BI> (0x000000071da249b8) 
thrown [s\src\hotspot\share\prims\jni.cpp, line 536]
Event: 1.797 Thread 0x000001cd637cd770 Exception <a 'java/lang/ClassNotFoundException'{0x000000071da25c28}: com/sun/glass/ui/win/themes_rn_Latn> (0x000000071da25c28) 
thrown [s\src\hotspot\share\prims\jni.cpp, line 536]
Event: 1.797 Thread 0x000001cd637cd770 Exception <a 'java/lang/ClassNotFoundException'{0x000000071da26eb8}: com/sun/glass/ui/win/themes_rn_Latn_BI> (0x000000071da26eb8) 
thrown [s\src\hotspot\share\prims\jni.cpp, line 536]
Event: 1.797 Thread 0x000001cd637cd770 Exception <a 'java/lang/ClassNotFoundException'{0x000000071da28328}: com/sun/glass/ui/win/themes_jmc> (0x000000071da28328) 
thrown [s\src\hotspot\share\prims\jni.cpp, line 536]
Event: 1.797 Thread 0x000001cd637cd770 Exception <a 'java/lang/ClassNotFoundException'{0x000000071da29750}: com/sun/glass/ui/win/themes_en_JM> (0x000000071da29750) 
thrown [s\src\hotspot\share\prims\jni.cpp, line 536]
Event: 1.798 Thread 0x000001cd637cd770 Exception <a 'java/lang/ClassNotFoundException'{0x000000071da2ac90}: com/sun/glass/ui/win/themes_ebu_Latn> (0x000000071da2ac90) 
thrown [s\src\hotspot\share\prims\jni.cpp, line 536]
Event: 1.798 Thread 0x000001cd637cd770 Exception <a 'java/lang/ClassNotFoundException'{0x000000071da2bf20}: com/sun/glass/ui/win/themes_ebu_Latn_KE> (0x000000071da2bf20) 
thrown [s\src\hotspot\share\prims\jni.cpp, line 536]
Event: 1.799 Thread 0x000001cd637cd770 Exception <a 'java/lang/ClassNotFoundException'{0x000000071da303c8}: com/sun/glass/ui/win/themes_ckb_Arab> (0x000000071da303c8) 
thrown [s\src\hotspot\share\prims\jni.cpp, line 536]
Event: 1.799 Thread 0x000001cd637cd770 Exception <a 'java/lang/ClassNotFoundException'{0x000000071da31658}: com/sun/glass/ui/win/themes_ckb_Arab_IQ> (0x000000071da31658) 
thrown [s\src\hotspot\share\prims\jni.cpp, line 536]
Event: 1.799 Thread 0x000001cd637cd770 Exception <a 'java/lang/ClassNotFoundException'{0x000000071da32b80}: com/sun/glass/ui/win/themes_sr_Latn_XK> (0x000000071da32b80) 
thrown [s\src\hotspot\share\prims\jni.cpp, line 536]
Event: 1.799 Thread 0x000001cd637cd770 Exception <a 'java/lang/ClassNotFoundException'{0x000000071da341f8}: com/sun/glass/ui/win/themes_en_JE> (0x000000071da341f8) 
thrown [s\src\hotspot\share\prims\jni.cpp, line 536]
Event: 1.800 Thread 0x000001cd637cd770 Exception <a 'java/lang/ClassNotFoundException'{0x000000071da35620}: com/sun/glass/ui/win/themes_om_KE> (0x000000071da35620) 
thrown [s\src\hotspot\share\prims\jni.cpp, line 536]
Event: 1.800 Thread 0x000001cd637cd770 Exception <a 'java/lang/ClassNotFoundException'{0x000000071da370d0}: com/sun/glass/ui/win/themes_fr_FR> (0x000000071da370d0) 
thrown [s\src\hotspot\share\prims\jni.cpp, line 536]
Event: 1.800 Thread 0x000001cd637cd770 Exception <a 'java/lang/ClassNotFoundException'{0x000000071da38340}: com/sun/glass/ui/win/themes_fr_Latn> (0x000000071da38340) 
thrown [s\src\hotspot\share\prims\jni.cpp, line 536]
Event: 1.800 Thread 0x000001cd637cd770 Exception <a 'java/lang/ClassNotFoundException'{0x000000071da395d0}: com/sun/glass/ui/win/themes_fr_Latn_FR> (0x000000071da395d0) 
thrown [s\src\hotspot\share\prims\jni.cpp, line 536]
Event: 1.800 Thread 0x000001cd637cd770 Exception <a 'java/lang/ClassNotFoundException'{0x000000071da3aca8}: com/sun/glass/ui/win/themes_hi_IN> (0x000000071da3aca8) 
thrown [s\src\hotspot\share\prims\jni.cpp, line 536]
Event: 1.801 Thread 0x000001cd637cd770 Exception <a 'java/lang/ClassNotFoundException'{0x000000071da3bf18}: com/sun/glass/ui/win/themes_hi_Latn_IN> (0x000000071da3bf18) 
thrown [s\src\hotspot\share\prims\jni.cpp, line 536]
Event: 1.801 Thread 0x000001cd637cd770 Exception <a 'java/lang/ClassNotFoundException'{0x000000071da3d3c0}: com/sun/glass/ui/win/themes_lu> (0x000000071da3d3c0) 
thrown [s\src\hotspot\share\prims\jni.cpp, line 536]
Event: 1.801 Thread 0x000001cd637cd770 Exception <a 'java/lang/ClassNotFoundException'{0x000000071da3e620}: com/sun/glass/ui/win/themes_lu_CD> (0x000000071da3e620) 
thrown [s\src\hotspot\share\prims\jni.cpp, line 536]

VM Operations (8 events):
Event: 0.309 Executing VM operation: HandshakeAllThreads (Deoptimize)
Event: 0.309 Executing VM operation: HandshakeAllThreads (Deoptimize) done
Event: 0.310 Executing VM operation: HandshakeAllThreads (Deoptimize)
Event: 0.310 Executing VM operation: HandshakeAllThreads (Deoptimize) done
Event: 0.961 Executing VM operation: HandshakeAllThreads (Deoptimize)
Event: 0.961 Executing VM operation: HandshakeAllThreads (Deoptimize) done
Event: 1.333 Executing VM operation: HandshakeAllThreads (Deoptimize)
Event: 1.333 Executing VM operation: HandshakeAllThreads (Deoptimize) done

Memory protections (0 events):
No events

Nmethod flushes (0 events):
No events

Events (17 events):
Event: 0.037 Thread 0x000001cd7c0a3c50 Thread added: 0x000001cd7c0a3c50
Event: 0.059 Thread 0x000001cd7c0a3c50 Thread added: 0x000001cd1d79eee0
Event: 0.059 Thread 0x000001cd7c0a3c50 Thread added: 0x000001cd1d79f620
Event: 0.060 Thread 0x000001cd7c0a3c50 Thread added: 0x000001cd1d7a1ff0
Event: 0.060 Thread 0x000001cd7c0a3c50 Thread added: 0x000001cd1d7a2730
Event: 0.060 Thread 0x000001cd7c0a3c50 Thread added: 0x000001cd1d7a2e70
Event: 0.060 Thread 0x000001cd7c0a3c50 Thread added: 0x000001cd1d7a8a80
Event: 0.060 Thread 0x000001cd7c0a3c50 Thread added: 0x000001cd1d7a9900
Event: 0.060 Thread 0x000001cd7c0a3c50 Thread added: 0x000001cd1d7b06c0
Event: 0.122 Thread 0x000001cd7c0a3c50 Thread added: 0x000001cd1d889c10
Event: 0.184 Thread 0x000001cd1d7b06c0 Thread added: 0x000001cd1d9445c0
Event: 0.363 Thread 0x000001cd7c0a3c50 Thread added: 0x000001cd1dabe180
Event: 0.894 Thread 0x000001cd7c0a3c50 Thread added: 0x000001cd6355a740
Event: 0.977 Thread 0x000001cd7c0a3c50 Thread added: 0x000001cd637a84c0
Event: 0.985 Thread 0x000001cd7c0a3c50 Thread added: 0x000001cd637cd770
Event: 1.228 Thread 0x000001cd7c0a3c50 Thread added: 0x000001cd637cdec0
Event: 1.231 Thread 0x000001cd637cfc00 Thread added: 0x000001cd637cfc00


Dynamic libraries:
0x00007ff6a46a0000 - 0x00007ff6a46ae000 	C:\Users\Utilisateur\.jdks\temurin-24.0.2\bin\java.exe
0x00007ff9dea30000 - 0x00007ff9dec28000 	C:\Windows\SYSTEM32\ntdll.dll
0x00007ff9de7c0000 - 0x00007ff9de882000 	C:\Windows\System32\KERNEL32.DLL
0x00007ff9dc4a0000 - 0x00007ff9dc796000 	C:\Windows\System32\KERNELBASE.dll
0x00007ff9dc2f0000 - 0x00007ff9dc3f0000 	C:\Windows\System32\ucrtbase.dll
0x00007ff97d890000 - 0x00007ff97d8a6000 	C:\Users\Utilisateur\.jdks\temurin-24.0.2\bin\jli.dll
0x00007ff971a50000 - 0x00007ff971a6e000 	C:\Users\Utilisateur\.jdks\temurin-24.0.2\bin\VCRUNTIME140.dll
0x00007ff9de080000 - 0x00007ff9de221000 	C:\Windows\System32\USER32.dll
0x00007ff9c9810000 - 0x00007ff9c9aab000 	C:\Windows\WinSxS\amd64_microsoft.windows.common-controls_6595b64144ccf1df_6.0.19041.6456_none_60b8a6cb71f64256\COMCTL32.dll
0x00007ff9dc7a0000 - 0x00007ff9dc7c2000 	C:\Windows\System32\win32u.dll
0x00007ff9dd890000 - 0x00007ff9dd92e000 	C:\Windows\System32\msvcrt.dll
0x00007ff9de960000 - 0x00007ff9de98b000 	C:\Windows\System32\GDI32.dll
0x00007ff9dc930000 - 0x00007ff9dca49000 	C:\Windows\System32\gdi32full.dll
0x00007ff9dc7d0000 - 0x00007ff9dc86d000 	C:\Windows\System32\msvcp_win.dll
0x00007ff9ddaf0000 - 0x00007ff9ddb1f000 	C:\Windows\System32\IMM32.DLL
0x00007ff9ba960000 - 0x00007ff9ba96c000 	C:\Users\Utilisateur\.jdks\temurin-24.0.2\bin\vcruntime140_1.dll
0x00007ff9597f0000 - 0x00007ff95987d000 	C:\Users\Utilisateur\.jdks\temurin-24.0.2\bin\msvcp140.dll
0x00007ff91a3f0000 - 0x00007ff91b25c000 	C:\Users\Utilisateur\.jdks\temurin-24.0.2\bin\server\jvm.dll
0x00007ff9de4c0000 - 0x00007ff9de571000 	C:\Windows\System32\ADVAPI32.dll
0x00007ff9de580000 - 0x00007ff9de61f000 	C:\Windows\System32\sechost.dll
0x00007ff9dd1c0000 - 0x00007ff9dd2e0000 	C:\Windows\System32\RPCRT4.dll
0x00007ff9dc900000 - 0x00007ff9dc927000 	C:\Windows\System32\bcrypt.dll
0x00007ff9ddba0000 - 0x00007ff9ddc0b000 	C:\Windows\System32\WS2_32.dll
0x00007ff9dbf20000 - 0x00007ff9dbf6b000 	C:\Windows\SYSTEM32\POWRPROF.dll
0x00007ff9d1010000 - 0x00007ff9d1037000 	C:\Windows\SYSTEM32\WINMM.dll
0x00007ff9d3520000 - 0x00007ff9d352a000 	C:\Windows\SYSTEM32\VERSION.dll
0x00007ff9dbf00000 - 0x00007ff9dbf12000 	C:\Windows\SYSTEM32\UMPDC.dll
0x00007ff9da890000 - 0x00007ff9da8a2000 	C:\Windows\SYSTEM32\kernel.appcore.dll
0x00007ff9ba2f0000 - 0x00007ff9ba2fa000 	C:\Users\Utilisateur\.jdks\temurin-24.0.2\bin\jimage.dll
0x00007ff9d9ac0000 - 0x00007ff9d9cc1000 	C:\Windows\SYSTEM32\DBGHELP.DLL
0x00007ff9ba6d0000 - 0x00007ff9ba704000 	C:\Windows\SYSTEM32\dbgcore.DLL
0x00007ff9dc870000 - 0x00007ff9dc8f2000 	C:\Windows\System32\bcryptPrimitives.dll
0x00007ff9718b0000 - 0x00007ff9718ce000 	C:\Users\Utilisateur\.jdks\temurin-24.0.2\bin\java.dll
0x00007ff9dd3a0000 - 0x00007ff9dd4cb000 	C:\Windows\System32\ole32.dll
0x00007ff9dd4d0000 - 0x00007ff9dd824000 	C:\Windows\System32\combase.dll
0x00007ff9dca50000 - 0x00007ff9dd1c0000 	C:\Windows\System32\SHELL32.dll
0x00007ff9da0d0000 - 0x00007ff9da875000 	C:\Windows\SYSTEM32\windows.storage.dll
0x00007ff9db930000 - 0x00007ff9db95b000 	C:\Windows\SYSTEM32\Wldp.dll
0x00007ff9de890000 - 0x00007ff9de95d000 	C:\Windows\System32\OLEAUT32.dll
0x00007ff9de250000 - 0x00007ff9de2fd000 	C:\Windows\System32\SHCORE.dll
0x00007ff9dd830000 - 0x00007ff9dd88b000 	C:\Windows\System32\shlwapi.dll
0x00007ff9dbff0000 - 0x00007ff9dc014000 	C:\Windows\SYSTEM32\profapi.dll
0x00007ff958690000 - 0x00007ff958767000 	C:\Users\Utilisateur\.jdks\temurin-24.0.2\bin\jsvml.dll
0x00007ff9ba210000 - 0x00007ff9ba220000 	C:\Users\Utilisateur\.jdks\temurin-24.0.2\bin\net.dll
0x00007ff9db710000 - 0x00007ff9db77a000 	C:\Windows\system32\mswsock.dll
0x00007ff970b20000 - 0x00007ff970b36000 	C:\Users\Utilisateur\.jdks\temurin-24.0.2\bin\nio.dll
0x00007ff970a40000 - 0x00007ff970a57000 	C:\Users\Utilisateur\.jdks\temurin-24.0.2\bin\zip.dll
0x000001cd1dd60000 - 0x000001cd1dd63000 	C:\Users\Utilisateur\.openjfx\cache\23.0.1+4\amd64\api-ms-win-core-console-l1-1-0.dll
0x000001cd1dd70000 - 0x000001cd1dd73000 	C:\Users\Utilisateur\.openjfx\cache\23.0.1+4\amd64\api-ms-win-core-console-l1-2-0.dll
0x000001cd1dd80000 - 0x000001cd1dd83000 	C:\Users\Utilisateur\.openjfx\cache\23.0.1+4\amd64\api-ms-win-core-datetime-l1-1-0.dll
0x000001cd1dd90000 - 0x000001cd1dd93000 	C:\Users\Utilisateur\.openjfx\cache\23.0.1+4\amd64\api-ms-win-core-debug-l1-1-0.dll
0x000001cd1dda0000 - 0x000001cd1dda3000 	C:\Users\Utilisateur\.openjfx\cache\23.0.1+4\amd64\api-ms-win-core-errorhandling-l1-1-0.dll
0x000001cd1ddb0000 - 0x000001cd1ddb4000 	C:\Users\Utilisateur\.openjfx\cache\23.0.1+4\amd64\api-ms-win-core-file-l1-1-0.dll
0x000001cd1ddc0000 - 0x000001cd1ddc3000 	C:\Users\Utilisateur\.openjfx\cache\23.0.1+4\amd64\api-ms-win-core-file-l1-2-0.dll
0x000001cd1ddd0000 - 0x000001cd1ddd3000 	C:\Users\Utilisateur\.openjfx\cache\23.0.1+4\amd64\api-ms-win-core-file-l2-1-0.dll
0x000001cd1dde0000 - 0x000001cd1dde3000 	C:\Users\Utilisateur\.openjfx\cache\23.0.1+4\amd64\api-ms-win-core-handle-l1-1-0.dll
0x000001cd1ddf0000 - 0x000001cd1ddf3000 	C:\Users\Utilisateur\.openjfx\cache\23.0.1+4\amd64\api-ms-win-core-heap-l1-1-0.dll
0x000001cd1de00000 - 0x000001cd1de03000 	C:\Users\Utilisateur\.openjfx\cache\23.0.1+4\amd64\api-ms-win-core-interlocked-l1-1-0.dll
0x000001cd1de10000 - 0x000001cd1de13000 	C:\Users\Utilisateur\.openjfx\cache\23.0.1+4\amd64\api-ms-win-core-libraryloader-l1-1-0.dll
0x000001cd1de20000 - 0x000001cd1de23000 	C:\Users\Utilisateur\.openjfx\cache\23.0.1+4\amd64\api-ms-win-core-localization-l1-2-0.dll
0x000001cd1de30000 - 0x000001cd1de33000 	C:\Users\Utilisateur\.openjfx\cache\23.0.1+4\amd64\api-ms-win-core-memory-l1-1-0.dll
0x000001cd1de40000 - 0x000001cd1de43000 	C:\Users\Utilisateur\.openjfx\cache\23.0.1+4\amd64\api-ms-win-core-namedpipe-l1-1-0.dll
0x000001cd1de50000 - 0x000001cd1de53000 	C:\Users\Utilisateur\.openjfx\cache\23.0.1+4\amd64\api-ms-win-core-processenvironment-l1-1-0.dll
0x000001cd1de60000 - 0x000001cd1de63000 	C:\Users\Utilisateur\.openjfx\cache\23.0.1+4\amd64\api-ms-win-core-processthreads-l1-1-0.dll
0x000001cd1de70000 - 0x000001cd1de73000 	C:\Users\Utilisateur\.openjfx\cache\23.0.1+4\amd64\api-ms-win-core-processthreads-l1-1-1.dll
0x000001cd1de80000 - 0x000001cd1de83000 	C:\Users\Utilisateur\.openjfx\cache\23.0.1+4\amd64\api-ms-win-core-profile-l1-1-0.dll
0x000001cd1de90000 - 0x000001cd1de93000 	C:\Users\Utilisateur\.openjfx\cache\23.0.1+4\amd64\api-ms-win-core-rtlsupport-l1-1-0.dll
0x000001cd1dea0000 - 0x000001cd1dea3000 	C:\Users\Utilisateur\.openjfx\cache\23.0.1+4\amd64\api-ms-win-core-string-l1-1-0.dll
0x000001cd1deb0000 - 0x000001cd1deb3000 	C:\Users\Utilisateur\.openjfx\cache\23.0.1+4\amd64\api-ms-win-core-synch-l1-1-0.dll
0x000001cd1dec0000 - 0x000001cd1dec3000 	C:\Users\Utilisateur\.openjfx\cache\23.0.1+4\amd64\api-ms-win-core-synch-l1-2-0.dll
0x000001cd1ded0000 - 0x000001cd1ded3000 	C:\Users\Utilisateur\.openjfx\cache\23.0.1+4\amd64\api-ms-win-core-sysinfo-l1-1-0.dll
0x000001cd1dee0000 - 0x000001cd1dee3000 	C:\Users\Utilisateur\.openjfx\cache\23.0.1+4\amd64\api-ms-win-core-timezone-l1-1-0.dll
0x000001cd1def0000 - 0x000001cd1def3000 	C:\Users\Utilisateur\.openjfx\cache\23.0.1+4\amd64\api-ms-win-core-util-l1-1-0.dll
0x000001cd1df00000 - 0x000001cd1df03000 	C:\Users\Utilisateur\.openjfx\cache\23.0.1+4\amd64\api-ms-win-crt-conio-l1-1-0.dll
0x000001cd1df10000 - 0x000001cd1df14000 	C:\Users\Utilisateur\.openjfx\cache\23.0.1+4\amd64\api-ms-win-crt-convert-l1-1-0.dll
0x000001cd1df20000 - 0x000001cd1df23000 	C:\Users\Utilisateur\.openjfx\cache\23.0.1+4\amd64\api-ms-win-crt-environment-l1-1-0.dll
0x000001cd1df30000 - 0x000001cd1df33000 	C:\Users\Utilisateur\.openjfx\cache\23.0.1+4\amd64\api-ms-win-crt-filesystem-l1-1-0.dll
0x000001cd1df40000 - 0x000001cd1df43000 	C:\Users\Utilisateur\.openjfx\cache\23.0.1+4\amd64\api-ms-win-crt-heap-l1-1-0.dll
0x000001cd1df50000 - 0x000001cd1df53000 	C:\Users\Utilisateur\.openjfx\cache\23.0.1+4\amd64\api-ms-win-crt-locale-l1-1-0.dll
0x000001cd1df60000 - 0x000001cd1df65000 	C:\Users\Utilisateur\.openjfx\cache\23.0.1+4\amd64\api-ms-win-crt-math-l1-1-0.dll
0x000001cd1df70000 - 0x000001cd1df75000 	C:\Users\Utilisateur\.openjfx\cache\23.0.1+4\amd64\api-ms-win-crt-multibyte-l1-1-0.dll
0x000001cd1df80000 - 0x000001cd1df90000 	C:\Users\Utilisateur\.openjfx\cache\23.0.1+4\amd64\api-ms-win-crt-private-l1-1-0.dll
0x000001cd1df90000 - 0x000001cd1df93000 	C:\Users\Utilisateur\.openjfx\cache\23.0.1+4\amd64\api-ms-win-crt-process-l1-1-0.dll
0x000001cd1dfa0000 - 0x000001cd1dfa4000 	C:\Users\Utilisateur\.openjfx\cache\23.0.1+4\amd64\api-ms-win-crt-runtime-l1-1-0.dll
0x000001cd1dfb0000 - 0x000001cd1dfb4000 	C:\Users\Utilisateur\.openjfx\cache\23.0.1+4\amd64\api-ms-win-crt-stdio-l1-1-0.dll
0x000001cd1dfc0000 - 0x000001cd1dfc4000 	C:\Users\Utilisateur\.openjfx\cache\23.0.1+4\amd64\api-ms-win-crt-string-l1-1-0.dll
0x000001cd1dfd0000 - 0x000001cd1dfd3000 	C:\Users\Utilisateur\.openjfx\cache\23.0.1+4\amd64\api-ms-win-crt-time-l1-1-0.dll
0x000001cd1dfe0000 - 0x000001cd1dfe3000 	C:\Users\Utilisateur\.openjfx\cache\23.0.1+4\amd64\api-ms-win-crt-utility-l1-1-0.dll
0x00007ff94e7c0000 - 0x00007ff94e8bc000 	C:\Users\Utilisateur\.openjfx\cache\23.0.1+4\amd64\ucrtbase.dll
0x00007ff95d420000 - 0x00007ff95d43b000 	C:\Users\Utilisateur\.openjfx\cache\23.0.1+4\amd64\vcruntime140.dll
0x00007ff9ba1e0000 - 0x00007ff9ba1ec000 	C:\Users\Utilisateur\.openjfx\cache\23.0.1+4\amd64\vcruntime140_1.dll
0x00007ff949af0000 - 0x00007ff949b7e000 	C:\Users\Utilisateur\.openjfx\cache\23.0.1+4\amd64\msvcp140.dll
0x00007ff9b2130000 - 0x00007ff9b2139000 	C:\Users\Utilisateur\.openjfx\cache\23.0.1+4\amd64\msvcp140_1.dll
0x00007ff95b780000 - 0x00007ff95b7c1000 	C:\Users\Utilisateur\.openjfx\cache\23.0.1+4\amd64\msvcp140_2.dll
0x00007ff95cfa0000 - 0x00007ff95cfd0000 	C:\Users\Utilisateur\.openjfx\cache\23.0.1+4\amd64\prism_d3d.dll
0x00007ff9a8bf0000 - 0x00007ff9a8dc1000 	C:\Windows\system32\d3d9.dll
0x00007ff9d9670000 - 0x00007ff9d969e000 	C:\Windows\SYSTEM32\dwmapi.dll
0x00007ff9d9460000 - 0x00007ff9d94fe000 	C:\Windows\system32\uxtheme.dll
0x00007ff9d1040000 - 0x00007ff9d11fb000 	C:\Windows\System32\DriverStore\FileRepository\u0382887.inf_amd64_c0c8f96c746954a2\B382882\aticfx64.dll
0x00007ff995a70000 - 0x00007ff995aa4000 	C:\Windows\System32\DriverStore\FileRepository\u0382887.inf_amd64_c0c8f96c746954a2\B382882\atiu9p64.dll
0x00007ff994d10000 - 0x00007ff995a65000 	C:\Windows\System32\DriverStore\FileRepository\u0382887.inf_amd64_c0c8f96c746954a2\B382882\atiumd64.dll
0x0000000057a90000 - 0x00000000589b6000 	C:\Windows\System32\DriverStore\FileRepository\u0382887.inf_amd64_c0c8f96c746954a2\B382882\atiumd6a.dll
0x00007ff9ddc10000 - 0x00007ff9de080000 	C:\Windows\System32\SETUPAPI.dll
0x00007ff9dc2a0000 - 0x00007ff9dc2ee000 	C:\Windows\System32\cfgmgr32.dll
0x00007ff9cd3c0000 - 0x00007ff9cd3f5000 	C:\Windows\SYSTEM32\amdihk64.dll
0x00007ff95a4b0000 - 0x00007ff95a4f5000 	C:\Users\Utilisateur\.openjfx\cache\23.0.1+4\amd64\glass.dll
0x00007ff9de620000 - 0x00007ff9de6fa000 	C:\Windows\System32\COMDLG32.dll
0x00007ff9de310000 - 0x00007ff9de425000 	C:\Windows\System32\MSCTF.dll
0x00007ff9d1ed0000 - 0x00007ff9d1f0b000 	C:\Windows\SYSTEM32\dxcore.dll
0x00007ff9dd2f0000 - 0x00007ff9dd399000 	C:\Windows\System32\clbcatq.dll
0x00007ff9cec40000 - 0x00007ff9ced7f000 	C:\Windows\System32\Windows.UI.dll
0x00007ff9d2c40000 - 0x00007ff9d2ce1000 	C:\Windows\System32\WindowManagementAPI.dll
0x00007ff9ceb40000 - 0x00007ff9cec39000 	C:\Windows\System32\TextInputFramework.dll
0x00007ff9d7340000 - 0x00007ff9d769b000 	C:\Windows\System32\CoreUIComponents.dll
0x00007ff9ce9e0000 - 0x00007ff9ceb32000 	C:\Windows\System32\InputHost.dll
0x00007ff9d77f0000 - 0x00007ff9d78e2000 	C:\Windows\System32\CoreMessaging.dll
0x00007ff9d8a20000 - 0x00007ff9d8b77000 	C:\Windows\SYSTEM32\wintypes.dll
0x00007ff9d4bf0000 - 0x00007ff9d4df3000 	C:\Windows\SYSTEM32\twinapi.appcore.dll
0x00007ff9db2a0000 - 0x00007ff9db2d3000 	C:\Windows\SYSTEM32\ntmarta.dll
0x00007ff9d8b80000 - 0x00007ff9d8c74000 	C:\Windows\System32\PROPSYS.dll
0x00007ff9cd280000 - 0x00007ff9cd3b8000 	C:\Windows\System32\Windows.UI.Immersive.dll

JVMTI agents: none

dbghelp: loaded successfully - version: 4.0.5 - missing functions: none
symbol engine: initialized successfully - sym options: 0x614 - pdb path: .;C:\Users\Utilisateur\.jdks\temurin-24.0.2\bin;C:\Windows\SYSTEM32;C:\Windows\WinSxS\amd64_microsoft.windows.common-controls_6595b64144ccf1df_6.0.19041.6456_none_60b8a6cb71f64256;C:\Users\Utilisateur\.jdks\temurin-24.0.2\bin\server;C:\Users\Utilisateur\.openjfx\cache\23.0.1+4\amd64;C:\Windows\System32\DriverStore\FileRepository\u0382887.inf_amd64_c0c8f96c746954a2\B382882

VM Arguments:
jvm_args: --add-modules=javafx.controls,javafx.fxml --enable-native-access=javafx.graphics,javafx.controls,javafx.fxml --module-path=C:\Users\Utilisateur\.gradle\caches\modules-2\files-2.1\org.openjfx\javafx-fxml\23.0.1\7cb94fc08a8fa9f355c9e52c1f0c45c62015a62f\javafx-fxml-23.0.1-win.jar;C:\Users\Utilisateur\.gradle\caches\modules-2\files-2.1\org.openjfx\javafx-controls\23.0.1\bdb03f39a659b3c710fffefc8e3385d8696e1147\javafx-controls-23.0.1-win.jar;C:\Users\Utilisateur\.gradle\caches\modules-2\files-2.1\org.openjfx\javafx-graphics\23.0.1\b4421dba8a9d00b99138c65c01f1dc9a6c7ae50f\javafx-graphics-23.0.1-win.jar;C:\Users\Utilisateur\.gradle\caches\modules-2\files-2.1\org.openjfx\javafx-base\23.0.1\f3c056075623f7cd2e77b17f14e3575e37884373\javafx-base-23.0.1-win.jar -Dfile.encoding=UTF-8 -Duser.country=US -Duser.language=en -Duser.variant 
java_command: cinema.app.MainApplication
java_class_path (initial): C:\JavaFX\Desktop-Application-Franchise-Management\build\classes\java\main;C:\JavaFX\Desktop-Application-Franchise-Management\build\resources\main;C:\Users\Utilisateur\.gradle\caches\modules-2\files-2.1\org.postgresql\postgresql\42.7.4\264310fd7b2cd76738787dc0b9f7ea2e3b11adc1\postgresql-42.7.4.jar;C:\Users\Utilisateur\.gradle\caches\modules-2\files-2.1\org.springframework.security\spring-security-crypto\6.2.0\7cee6007ede44a19a3773912dbdac86ff53d0549\spring-security-crypto-6.2.0.jar;C:\Users\Utilisateur\.gradle\caches\modules-2\files-2.1\commons-logging\commons-logging\1.2\4bfc12adfe4842bf07b657f0369c4cb522955686\commons-logging-1.2.jar;C:\Users\Utilisateur\.gradle\caches\modules-2\files-2.1\org.checkerframework\checker-qual\3.42.0\638ec33f363a94d41a4f03c3e7d3dcfba64e402d\checker-qual-3.42.0.jar
Launcher Type: SUN_STANDARD

[Global flags]
     intx CICompilerCount                          = 4                                         {product} {ergonomic}
     uint ConcGCThreads                            = 2                                         {product} {ergonomic}
     uint G1ConcRefinementThreads                  = 8                                         {product} {ergonomic}
   size_t G1HeapRegionSize                         = 2097152                                   {product} {ergonomic}
   size_t InitialHeapSize                          = 251658240                                 {product} {ergonomic}
   size_t MarkStackSize                            = 4194304                                   {product} {ergonomic}
   size_t MarkStackSizeMax                         = 536870912                                 {product} {ergonomic}
   size_t MaxHeapSize                              = 4009754624                                {product} {ergonomic}
   size_t MaxNewSize                               = 2405433344                                {product} {ergonomic}
   size_t MinHeapDeltaBytes                        = 2097152                                   {product} {ergonomic}
   size_t MinHeapSize                              = 8388608                                   {product} {ergonomic}
    uintx NonNMethodCodeHeapSize                   = 5832704                                {pd product} {ergonomic}
    uintx NonProfiledCodeHeapSize                  = 122945536                              {pd product} {ergonomic}
    uintx ProfiledCodeHeapSize                     = 122880000                              {pd product} {ergonomic}
    uintx ReservedCodeCacheSize                    = 251658240                              {pd product} {ergonomic}
     bool SegmentedCodeCache                       = true                                      {product} {ergonomic}
   size_t SoftMaxHeapSize                          = 4009754624                             {manageable} {ergonomic}
     bool UseCompressedOops                        = true                           {product lp64_product} {ergonomic}
     bool UseG1GC                                  = true                                      {product} {ergonomic}
     bool UseLargePagesIndividualAllocation        = false                                  {pd product} {ergonomic}

Logging:
Log output configuration:
 #0: stdout all=warning uptime,level,tags foldmultilines=false
 #1: stderr all=off uptime,level,tags foldmultilines=false

Environment Variables:
JAVA_HOME=C:\Program Files\Eclipse Adoptium\jdk-21.0.10.7-hotspot
CLASSPATH=C:\JavaFX\Desktop-Application-Franchise-Management\\gradle\wrapper\gradle-wrapper.jar
PATH=C:\Program Files\Eclipse Adoptium\jdk-21.0.10.7-hotspot\bin;C:\Program Files\Common Files\Oracle\Java\javapath;C:\Python314\Scripts\;C:\Python314\;C:\Windows\system32;C:\Windows;C:\Windows\System32\Wbem;C:\Windows\System32\WindowsPowerShell\v1.0\;C:\Windows\System32\OpenSSH\;C:\Program Files\nodejs\;C:\ProgramData\chocolatey\bin;C:\Program Files\Git\cmd;C:\wamp64\bin\php\php8.4.15;C:\composer;C:\Program Files\Eclipse Adoptium\jdk-21.0.10.7-hotspot\bin;C:\Users\Utilisateur\AppData\Local\Microsoft\WindowsApps;C:\Users\Utilisateur\AppData\Local\JetBrains\Toolbox\scripts;C:\Users\Utilisateur\AppData\Local\Programs\Microsoft VS Code\bin;C:\Users\Utilisateur\AppData\Roaming\npm;C:\Users\Utilisateur\AppData\Roaming\Composer\vendor\bin
USERNAME=Utilisateur
TERM=xterm
OS=Windows_NT
PROCESSOR_IDENTIFIER=AMD64 Family 23 Model 17 Stepping 0, AuthenticAMD
TMP=C:\Users\UTILIS~1\AppData\Local\Temp
TEMP=C:\Users\UTILIS~1\AppData\Local\Temp




Periodic native trim disabled

---------------  S Y S T E M  ---------------

OS:
 Windows 10 , 64 bit Build 19041 (10.0.19041.5915)
OS uptime: 3 days 1:24 hours
Hyper-V role detected

CPU: total 8 (initial active 8) (8 cores per cpu, 2 threads per core) family 23 model 17 stepping 0 microcode 0x0, cx8, cmov, fxsr, ht, mmx, 3dnowpref, sse, sse2, sse3, ssse3, sse4a, sse4.1, sse4.2, popcnt, lzcnt, tsc, tscinvbit, avx, avx2, aes, clmul, bmi1, bmi2, adx, sha, fma, vzeroupper, clflush, clflushopt, hv, rdtscp, f16c
Processor Information for the first 8 processors :
  Max Mhz: 2200, Current Mhz: 2200, Mhz Limit: 2200

Memory: 4k page, system-wide physical 15293M (452M free)
TotalPageFile size 28268M (AvailPageFile size 0M)
current process WorkingSet (physical memory assigned to process): 116M, peak: 116M
current process commit charge ("private bytes"): 373M, peak: 377M

vm_info: OpenJDK 64-Bit Server VM (24.0.2+12) for windows-amd64 JRE (24.0.2+12), built on 2025-07-15T00:00:00Z with MS VC++ 17.7 (VS2022)

END.
