#
# There is insufficient memory for the Java Runtime Environment to continue.
# Native memory allocation (mmap) failed to map 251658240 bytes. Error detail: G1 virtual space
# Possible reasons:
#   The system is out of physical RAM or swap space
#   This process is running with CompressedOops enabled, and the Java Heap may be blocking the growth of the native heap
# Possible solutions:
#   Reduce memory load on the system
#   Increase physical memory or swap space
#   Check if swap backing store is full
#   Decrease Java heap size (-Xmx/-Xms)
#   Decrease number of Java threads
#   Decrease Java thread stack sizes (-Xss)
#   Set larger code cache with -XX:ReservedCodeCacheSize=
#   JVM is running with Zero Based Compressed Oops mode in which the Java heap is
#     placed in the first 32GB address space. The Java Heap base address is the
#     maximum limit for the native heap growth. Please use -XX:HeapBaseMinAddress
#     to set the Java Heap base and to place the Java Heap above 32GB virtual address.
# This output file may be truncated or incomplete.
#
#  Out of Memory Error (os_windows.cpp:3564), pid=27620, tid=10140
#
# JRE version:  (24.0.2+12) (build )
# Java VM: OpenJDK 64-Bit Server VM (24.0.2+12, mixed mode, sharing, tiered, compressed oops, compressed class ptrs, g1 gc, windows-amd64)
# No core dump will be written. Minidumps are not enabled by default on client versions of Windows
#

---------------  S U M M A R Y ------------

Command Line: --add-modules=javafx.controls,javafx.fxml --enable-native-access=javafx.graphics,javafx.controls,javafx.fxml --module-path=C:\Users\Utilisateur\.gradle\caches\modules-2\files-2.1\org.openjfx\javafx-fxml\23.0.1\7cb94fc08a8fa9f355c9e52c1f0c45c62015a62f\javafx-fxml-23.0.1-win.jar;C:\Users\Utilisateur\.gradle\caches\modules-2\files-2.1\org.openjfx\javafx-controls\23.0.1\bdb03f39a659b3c710fffefc8e3385d8696e1147\javafx-controls-23.0.1-win.jar;C:\Users\Utilisateur\.gradle\caches\modules-2\files-2.1\org.openjfx\javafx-graphics\23.0.1\b4421dba8a9d00b99138c65c01f1dc9a6c7ae50f\javafx-graphics-23.0.1-win.jar;C:\Users\Utilisateur\.gradle\caches\modules-2\files-2.1\org.openjfx\javafx-base\23.0.1\f3c056075623f7cd2e77b17f14e3575e37884373\javafx-base-23.0.1-win.jar -Dfile.encoding=UTF-8 -Duser.country=US -Duser.language=en -Duser.variant cinema.app.MainApplication

Host: AMD Ryzen 7 PRO 2700U w/ Radeon Vega Mobile Gfx, 8 cores, 14G,  Windows 10 , 64 bit Build 19041 (10.0.19041.5915)
Time: Sun Apr 12 17:07:53 2026 Romance Daylight Time elapsed time: 0.026578 seconds (0d 0h 0m 0s)

---------------  T H R E A D  ---------------

Current thread (0x0000020742cf58a0):  JavaThread "Unknown thread" [_thread_in_vm, id=10140, stack(0x000000cd49000000,0x000000cd49100000) (1024K)]

Stack: [0x000000cd49000000,0x000000cd49100000]
Native frames: (J=compiled Java code, j=interpreted, Vv=VM code, C=native code)
V  [jvm.dll+0x7341e9]  (no source info available)
V  [jvm.dll+0x96c0d3]  (no source info available)
V  [jvm.dll+0x96e5bd]  (no source info available)
V  [jvm.dll+0x96ec33]  (no source info available)
V  [jvm.dll+0x2ac166]  (no source info available)
V  [jvm.dll+0x730705]  (no source info available)
V  [jvm.dll+0x7241aa]  (no source info available)
V  [jvm.dll+0x39333a]  (no source info available)
V  [jvm.dll+0x39b086]  (no source info available)
V  [jvm.dll+0x38791e]  (no source info available)
V  [jvm.dll+0x387bd8]  (no source info available)
V  [jvm.dll+0x35f8bc]  (no source info available)
V  [jvm.dll+0x36057d]  (no source info available)
V  [jvm.dll+0x92f88f]  (no source info available)
V  [jvm.dll+0x3fba0d]  (no source info available)
V  [jvm.dll+0x917c66]  (no source info available)
V  [jvm.dll+0x4968ae]  (no source info available)
V  [jvm.dll+0x4987b1]  (no source info available)
C  [jli.dll+0x5276]  (no source info available)
C  [ucrtbase.dll+0x21bb2]  (no source info available)
C  [KERNEL32.DLL+0x17374]  (no source info available)
C  [ntdll.dll+0x4cc91]  (no source info available)

Lock stack of current Java thread (top to bottom):


---------------  P R O C E S S  ---------------

Threads class SMR info:
_java_thread_list=0x00007ff91a6daf58, length=0, elements={
}

Java Threads: ( => current thread )
Total: 0

Other Threads:
  0x0000020744f7a7a0 WorkerThread "GC Thread#0"                     [id=27944, stack(0x000000cd49100000,0x000000cd49200000) (1024K)]
  0x0000020744f8e2b0 ConcurrentGCThread "G1 Main Marker"            [id=32040, stack(0x000000cd49200000,0x000000cd49300000) (1024K)]
  0x0000020744f8f560 WorkerThread "G1 Conc#0"                       [id=18124, stack(0x000000cd49300000,0x000000cd49400000) (1024K)]

[error occurred during error reporting (printing all threads), id 0xc0000005, EXCEPTION_ACCESS_VIOLATION (0xc0000005) at pc=0x00007ff919d53bfa]
VM state: not at safepoint (not fully initialized)

VM Mutex/Monitor currently owned by a thread:  ([mutex/lock_event])
[0x00007ff91a764170] Heap_lock - owner thread: 0x0000020742cf58a0

Heap address: 0x0000000711000000, size: 3824 MB, Compressed Oops mode: Zero based, Oop shift amount: 3

CDS archive(s) mapped at: [0x0000000000000000-0x0000000000000000-0x0000000000000000), size 0, SharedBaseAddress: 0x0000000800000000, ArchiveRelocationMode: 1.
UseCompressedClassPointers 1, UseCompactObjectHeaders 0
Narrow klass pointer bits 32, Max shift 3
Narrow klass base: 0xffffffffffffffff, Narrow klass shift: -1
Encoding Range: [0xffffffffffffffff - 0x000000007fffffff), (2147483648 bytes)
Klass Range:    [0x0000000000000000 - 0x0000000000000000), (0 bytes)
Klass ID Range:  [4294967295 - 0) (1)

GC Precious Log:
 CardTable entry size: 512
 Card Set container configuration: InlinePtr #cards 4 size 8 Array Of Cards #cards 16 size 48 Howl #buckets 8 coarsen threshold 3686 Howl Bitmap #cards 512 size 80 coarsen threshold 460 Card regions per heap region 1 cards per card region 4096

Heap:
 garbage-first heap   total reserved 3915776K, committed 0K, used 0K [0x0000000711000000, 0x0000000800000000)
  region size 2048K, 0 young (0K), 0 survivors (0K)

[error occurred during error reporting (printing heap information), id 0xc0000005, EXCEPTION_ACCESS_VIOLATION (0xc0000005) at pc=0x00007ff91a172a69]
GC Heap History (0 events):
No events

Dll operation events (1 events):
Event: 0.016 Loaded shared library C:\Users\Utilisateur\.jdks\temurin-24.0.2\bin\java.dll

Deoptimization events (0 events):
No events

Classes loaded (0 events):
No events

Classes unloaded (0 events):
No events

Classes redefined (0 events):
No events

Internal exceptions (0 events):
No events

VM Operations (0 events):
No events

Memory protections (0 events):
No events

Nmethod flushes (0 events):
No events

Events (0 events):
No events


Dynamic libraries:
0x00007ff62f5f0000 - 0x00007ff62f5fe000 	C:\Users\Utilisateur\.jdks\temurin-24.0.2\bin\java.exe
0x00007ff9dea30000 - 0x00007ff9dec28000 	C:\Windows\SYSTEM32\ntdll.dll
0x00007ff9de7c0000 - 0x00007ff9de882000 	C:\Windows\System32\KERNEL32.DLL
0x00007ff9dc4a0000 - 0x00007ff9dc796000 	C:\Windows\System32\KERNELBASE.dll
0x00007ff9dc2f0000 - 0x00007ff9dc3f0000 	C:\Windows\System32\ucrtbase.dll
0x00007ff9c87d0000 - 0x00007ff9c87ee000 	C:\Users\Utilisateur\.jdks\temurin-24.0.2\bin\VCRUNTIME140.dll
0x00007ff9ba980000 - 0x00007ff9ba996000 	C:\Users\Utilisateur\.jdks\temurin-24.0.2\bin\jli.dll
0x00007ff9de080000 - 0x00007ff9de221000 	C:\Windows\System32\USER32.dll
0x00007ff9c9810000 - 0x00007ff9c9aab000 	C:\Windows\WinSxS\amd64_microsoft.windows.common-controls_6595b64144ccf1df_6.0.19041.6456_none_60b8a6cb71f64256\COMCTL32.dll
0x00007ff9dd890000 - 0x00007ff9dd92e000 	C:\Windows\System32\msvcrt.dll
0x00007ff9dc7a0000 - 0x00007ff9dc7c2000 	C:\Windows\System32\win32u.dll
0x00007ff9de960000 - 0x00007ff9de98b000 	C:\Windows\System32\GDI32.dll
0x00007ff9dc930000 - 0x00007ff9dca49000 	C:\Windows\System32\gdi32full.dll
0x00007ff9dc7d0000 - 0x00007ff9dc86d000 	C:\Windows\System32\msvcp_win.dll
0x00007ff9ddaf0000 - 0x00007ff9ddb1f000 	C:\Windows\System32\IMM32.DLL
0x00007ff9bb190000 - 0x00007ff9bb19c000 	C:\Users\Utilisateur\.jdks\temurin-24.0.2\bin\vcruntime140_1.dll
0x00007ff9b7c20000 - 0x00007ff9b7cad000 	C:\Users\Utilisateur\.jdks\temurin-24.0.2\bin\msvcp140.dll
0x00007ff9199e0000 - 0x00007ff91a84c000 	C:\Users\Utilisateur\.jdks\temurin-24.0.2\bin\server\jvm.dll
0x00007ff9de4c0000 - 0x00007ff9de571000 	C:\Windows\System32\ADVAPI32.dll
0x00007ff9de580000 - 0x00007ff9de61f000 	C:\Windows\System32\sechost.dll
0x00007ff9dd1c0000 - 0x00007ff9dd2e0000 	C:\Windows\System32\RPCRT4.dll
0x00007ff9dc900000 - 0x00007ff9dc927000 	C:\Windows\System32\bcrypt.dll
0x00007ff9ddba0000 - 0x00007ff9ddc0b000 	C:\Windows\System32\WS2_32.dll
0x00007ff9dbf20000 - 0x00007ff9dbf6b000 	C:\Windows\SYSTEM32\POWRPROF.dll
0x00007ff9d1010000 - 0x00007ff9d1037000 	C:\Windows\SYSTEM32\WINMM.dll
0x00007ff9d3520000 - 0x00007ff9d352a000 	C:\Windows\SYSTEM32\VERSION.dll
0x00007ff9dbf00000 - 0x00007ff9dbf12000 	C:\Windows\SYSTEM32\UMPDC.dll
0x00007ff9da890000 - 0x00007ff9da8a2000 	C:\Windows\SYSTEM32\kernel.appcore.dll
0x00007ff9ba960000 - 0x00007ff9ba96a000 	C:\Users\Utilisateur\.jdks\temurin-24.0.2\bin\jimage.dll
0x00007ff9d9ac0000 - 0x00007ff9d9cc1000 	C:\Windows\SYSTEM32\DBGHELP.DLL
0x00007ff9ba6d0000 - 0x00007ff9ba704000 	C:\Windows\SYSTEM32\dbgcore.DLL
0x00007ff9dc870000 - 0x00007ff9dc8f2000 	C:\Windows\System32\bcryptPrimitives.dll
0x00007ff9ba4a0000 - 0x00007ff9ba4be000 	C:\Users\Utilisateur\.jdks\temurin-24.0.2\bin\java.dll
0x00007ff9dd3a0000 - 0x00007ff9dd4cb000 	C:\Windows\System32\ole32.dll
0x00007ff9dd4d0000 - 0x00007ff9dd824000 	C:\Windows\System32\combase.dll
0x00007ff9dca50000 - 0x00007ff9dd1c0000 	C:\Windows\System32\SHELL32.dll

JVMTI agents: none

dbghelp: loaded successfully - version: 4.0.5 - missing functions: none
symbol engine: initialized successfully - sym options: 0x614 - pdb path: .;C:\Users\Utilisateur\.jdks\temurin-24.0.2\bin;C:\Windows\SYSTEM32;C:\Windows\WinSxS\amd64_microsoft.windows.common-controls_6595b64144ccf1df_6.0.19041.6456_none_60b8a6cb71f64256;C:\Users\Utilisateur\.jdks\temurin-24.0.2\bin\server

VM Arguments:
jvm_args: --add-modules=javafx.controls,javafx.fxml --enable-native-access=javafx.graphics,javafx.controls,javafx.fxml --module-path=C:\Users\Utilisateur\.gradle\caches\modules-2\files-2.1\org.openjfx\javafx-fxml\23.0.1\7cb94fc08a8fa9f355c9e52c1f0c45c62015a62f\javafx-fxml-23.0.1-win.jar;C:\Users\Utilisateur\.gradle\caches\modules-2\files-2.1\org.openjfx\javafx-controls\23.0.1\bdb03f39a659b3c710fffefc8e3385d8696e1147\javafx-controls-23.0.1-win.jar;C:\Users\Utilisateur\.gradle\caches\modules-2\files-2.1\org.openjfx\javafx-graphics\23.0.1\b4421dba8a9d00b99138c65c01f1dc9a6c7ae50f\javafx-graphics-23.0.1-win.jar;C:\Users\Utilisateur\.gradle\caches\modules-2\files-2.1\org.openjfx\javafx-base\23.0.1\f3c056075623f7cd2e77b17f14e3575e37884373\javafx-base-23.0.1-win.jar -Dfile.encoding=UTF-8 -Duser.country=US -Duser.language=en -Duser.variant 
java_command: cinema.app.MainApplication
java_class_path (initial): C:\JavaFX\Desktop-Application-Franchise-Management\build\classes\java\main;C:\JavaFX\Desktop-Application-Franchise-Management\build\resources\main;C:\Users\Utilisateur\.gradle\caches\modules-2\files-2.1\org.postgresql\postgresql\42.7.4\264310fd7b2cd76738787dc0b9f7ea2e3b11adc1\postgresql-42.7.4.jar;C:\Users\Utilisateur\.gradle\caches\modules-2\files-2.1\org.springframework.security\spring-security-crypto\6.2.0\7cee6007ede44a19a3773912dbdac86ff53d0549\spring-security-crypto-6.2.0.jar;C:\Users\Utilisateur\.gradle\caches\modules-2\files-2.1\commons-logging\commons-logging\1.2\4bfc12adfe4842bf07b657f0369c4cb522955686\commons-logging-1.2.jar;C:\Users\Utilisateur\.gradle\caches\modules-2\files-2.1\org.checkerframework\checker-qual\3.42.0\638ec33f363a94d41a4f03c3e7d3dcfba64e402d\checker-qual-3.42.0.jar
Launcher Type: SUN_STANDARD

[Global flags]
     intx CICompilerCount                          = 4                                         {product} {ergonomic}
     uint ConcGCThreads                            = 2                                         {product} {ergonomic}
     uint G1ConcRefinementThreads                  = 8                                         {product} {ergonomic}
   size_t G1HeapRegionSize                         = 2097152                                   {product} {ergonomic}
   size_t InitialHeapSize                          = 251658240                                 {product} {ergonomic}
   size_t MarkStackSize                            = 4194304                                   {product} {ergonomic}
   size_t MarkStackSizeMax                         = 536870912                                 {product} {ergonomic}
   size_t MaxHeapSize                              = 4009754624                                {product} {ergonomic}
   size_t MinHeapDeltaBytes                        = 2097152                                   {product} {ergonomic}
   size_t MinHeapSize                              = 8388608                                   {product} {ergonomic}
    uintx NonNMethodCodeHeapSize                   = 5832704                                {pd product} {ergonomic}
    uintx NonProfiledCodeHeapSize                  = 122945536                              {pd product} {ergonomic}
    uintx ProfiledCodeHeapSize                     = 122880000                              {pd product} {ergonomic}
    uintx ReservedCodeCacheSize                    = 251658240                              {pd product} {ergonomic}
     bool SegmentedCodeCache                       = true                                      {product} {ergonomic}
   size_t SoftMaxHeapSize                          = 4009754624                             {manageable} {ergonomic}
     bool UseCompressedOops                        = true                           {product lp64_product} {ergonomic}
     bool UseG1GC                                  = true                                      {product} {ergonomic}
     bool UseLargePagesIndividualAllocation        = false                                  {pd product} {ergonomic}

Logging:
Log output configuration:
 #0: stdout all=warning uptime,level,tags foldmultilines=false
 #1: stderr all=off uptime,level,tags foldmultilines=false

Environment Variables:
JAVA_HOME=C:\Program Files\Eclipse Adoptium\jdk-21.0.10.7-hotspot
CLASSPATH=C:\JavaFX\Desktop-Application-Franchise-Management\\gradle\wrapper\gradle-wrapper.jar
PATH=C:\Program Files\Eclipse Adoptium\jdk-21.0.10.7-hotspot\bin;C:\Program Files\Common Files\Oracle\Java\javapath;C:\Python314\Scripts\;C:\Python314\;C:\Windows\system32;C:\Windows;C:\Windows\System32\Wbem;C:\Windows\System32\WindowsPowerShell\v1.0\;C:\Windows\System32\OpenSSH\;C:\Program Files\nodejs\;C:\ProgramData\chocolatey\bin;C:\Program Files\Git\cmd;C:\wamp64\bin\php\php8.4.15;C:\composer;C:\Program Files\Eclipse Adoptium\jdk-21.0.10.7-hotspot\bin;C:\Users\Utilisateur\AppData\Local\Microsoft\WindowsApps;C:\Users\Utilisateur\AppData\Local\JetBrains\Toolbox\scripts;C:\Users\Utilisateur\AppData\Local\Programs\Microsoft VS Code\bin;C:\Users\Utilisateur\AppData\Roaming\npm;C:\Users\Utilisateur\AppData\Roaming\Composer\vendor\bin
USERNAME=Utilisateur
TERM=xterm
OS=Windows_NT
PROCESSOR_IDENTIFIER=AMD64 Family 23 Model 17 Stepping 0, AuthenticAMD
TMP=C:\Users\UTILIS~1\AppData\Local\Temp
TEMP=C:\Users\UTILIS~1\AppData\Local\Temp




Periodic native trim disabled

---------------  S Y S T E M  ---------------

OS:
 Windows 10 , 64 bit Build 19041 (10.0.19041.5915)
OS uptime: 4 days 9:01 hours
Hyper-V role detected

CPU: total 8 (initial active 8) (8 cores per cpu, 2 threads per core) family 23 model 17 stepping 0 microcode 0x0, cx8, cmov, fxsr, ht, mmx, 3dnowpref, sse, sse2, sse3, ssse3, sse4a, sse4.1, sse4.2, popcnt, lzcnt, tsc, tscinvbit, avx, avx2, aes, clmul, bmi1, bmi2, adx, sha, fma, vzeroupper, clflush, clflushopt, hv, rdtscp, f16c
Processor Information for processor 0
  Max Mhz: 2200, Current Mhz: 1600, Mhz Limit: 2200
Processor Information for processor 1
  Max Mhz: 2200, Current Mhz: 1600, Mhz Limit: 2200
Processor Information for processor 2
  Max Mhz: 2200, Current Mhz: 2200, Mhz Limit: 2200
Processor Information for processor 3
  Max Mhz: 2200, Current Mhz: 2200, Mhz Limit: 2200
Processor Information for processor 4
  Max Mhz: 2200, Current Mhz: 1600, Mhz Limit: 2200
Processor Information for processor 5
  Max Mhz: 2200, Current Mhz: 1600, Mhz Limit: 2200
Processor Information for processor 6
  Max Mhz: 2200, Current Mhz: 1600, Mhz Limit: 2200
Processor Information for processor 7
  Max Mhz: 2200, Current Mhz: 1600, Mhz Limit: 2200

Memory: 4k page, system-wide physical 15293M (312M free)
TotalPageFile size 29238M (AvailPageFile size 60M)
current process WorkingSet (physical memory assigned to process): 11M, peak: 11M
current process commit charge ("private bytes"): 60M, peak: 300M

vm_info: OpenJDK 64-Bit Server VM (24.0.2+12) for windows-amd64 JRE (24.0.2+12), built on 2025-07-15T00:00:00Z with MS VC++ 17.7 (VS2022)

END.
